Archive member included to satisfy reference by file (symbol)

/opt/st/stm32cubeide_1.1.0/plugins/com.st.stm32cube.ide.mcu.externaltools.gnu-tools-for-stm32.7-2018-q2-update.linux64_1.0.0.201904181610/tools/bin/../lib/gcc/arm-none-eabi/7.3.1/../../../../arm-none-eabi/lib/thumb/v7-m/libc_nano.a(lib_a-errno.o)
                              Core/Src/syscalls.o (__errno)
/opt/st/stm32cubeide_1.1.0/plugins/com.st.stm32cube.ide.mcu.externaltools.gnu-tools-for-stm32.7-2018-q2-update.linux64_1.0.0.201904181610/tools/bin/../lib/gcc/arm-none-eabi/7.3.1/../../../../arm-none-eabi/lib/thumb/v7-m/libc_nano.a(lib_a-exit.o)
                              /opt/st/stm32cubeide_1.1.0/plugins/com.st.stm32cube.ide.mcu.externaltools.gnu-tools-for-stm32.7-2018-q2-update.linux64_1.0.0.201904181610/tools/bin/../lib/gcc/arm-none-eabi/7.3.1/../../../../arm-none-eabi/lib/thumb/v7-m/crt0.o (exit)
/opt/st/stm32cubeide_1.1.0/plugins/com.st.stm32cube.ide.mcu.externaltools.gnu-tools-for-stm32.7-2018-q2-update.linux64_1.0.0.201904181610/tools/bin/../lib/gcc/arm-none-eabi/7.3.1/../../../../arm-none-eabi/lib/thumb/v7-m/libc_nano.a(lib_a-impure.o)
                              /opt/st/stm32cubeide_1.1.0/plugins/com.st.stm32cube.ide.mcu.externaltools.gnu-tools-for-stm32.7-2018-q2-update.linux64_1.0.0.201904181610/tools/bin/../lib/gcc/arm-none-eabi/7.3.1/../../../../arm-none-eabi/lib/thumb/v7-m/libc_nano.a(lib_a-exit.o) (_global_impure_ptr)
/opt/st/stm32cubeide_1.1.0/plugins/com.st.stm32cube.ide.mcu.externaltools.gnu-tools-for-stm32.7-2018-q2-update.linux64_1.0.0.201904181610/tools/bin/../lib/gcc/arm-none-eabi/7.3.1/../../../../arm-none-eabi/lib/thumb/v7-m/libc_nano.a(lib_a-init.o)
                              /opt/st/stm32cubeide_1.1.0/plugins/com.st.stm32cube.ide.mcu.externaltools.gnu-tools-for-stm32.7-2018-q2-update.linux64_1.0.0.201904181610/tools/bin/../lib/gcc/arm-none-eabi/7.3.1/../../../../arm-none-eabi/lib/thumb/v7-m/crt0.o (__libc_init_array)
/opt/st/stm32cubeide_1.1.0/plugins/com.st.stm32cube.ide.mcu.externaltools.gnu-tools-for-stm32.7-2018-q2-update.linux64_1.0.0.201904181610/tools/bin/../lib/gcc/arm-none-eabi/7.3.1/../../../../arm-none-eabi/lib/thumb/v7-m/libc_nano.a(lib_a-memset.o)
                              /opt/st/stm32cubeide_1.1.0/plugins/com.st.stm32cube.ide.mcu.externaltools.gnu-tools-for-stm32.7-2018-q2-update.linux64_1.0.0.201904181610/tools/bin/../lib/gcc/arm-none-eabi/7.3.1/../../../../arm-none-eabi/lib/thumb/v7-m/crt0.o (memset)
/opt/st/stm32cubeide_1.1.0/plugins/com.st.stm32cube.ide.mcu.externaltools.gnu-tools-for-stm32.7-2018-q2-update.linux64_1.0.0.201904181610/tools/bin/../lib/gcc/arm-none-eabi/7.3.1/../../../../arm-none-eabi/lib/thumb/v7-m/libc_nano.a(lib_a-puts.o)
                              Core/Src/main.o (puts)
/opt/st/stm32cubeide_1.1.0/plugins/com.st.stm32cube.ide.mcu.externaltools.gnu-tools-for-stm32.7-2018-q2-update.linux64_1.0.0.201904181610/tools/bin/../lib/gcc/arm-none-eabi/7.3.1/../../../../arm-none-eabi/lib/thumb/v7-m/libc_nano.a(lib_a-wbuf.o)
                              /opt/st/stm32cubeide_1.1.0/plugins/com.st.stm32cube.ide.mcu.externaltools.gnu-tools-for-stm32.7-2018-q2-update.linux64_1.0.0.201904181610/tools/bin/../lib/gcc/arm-none-eabi/7.3.1/../../../../arm-none-eabi/lib/thumb/v7-m/libc_nano.a(lib_a-puts.o) (__swbuf_r)
/opt/st/stm32cubeide_1.1.0/plugins/com.st.stm32cube.ide.mcu.externaltools.gnu-tools-for-stm32.7-2018-q2-update.linux64_1.0.0.201904181610/tools/bin/../lib/gcc/arm-none-eabi/7.3.1/../../../../arm-none-eabi/lib/thumb/v7-m/libc_nano.a(lib_a-wsetup.o)
                              /opt/st/stm32cubeide_1.1.0/plugins/com.st.stm32cube.ide.mcu.externaltools.gnu-tools-for-stm32.7-2018-q2-update.linux64_1.0.0.201904181610/tools/bin/../lib/gcc/arm-none-eabi/7.3.1/../../../../arm-none-eabi/lib/thumb/v7-m/libc_nano.a(lib_a-puts.o) (__swsetup_r)
/opt/st/stm32cubeide_1.1.0/plugins/com.st.stm32cube.ide.mcu.externaltools.gnu-tools-for-stm32.7-2018-q2-update.linux64_1.0.0.201904181610/tools/bin/../lib/gcc/arm-none-eabi/7.3.1/../../../../arm-none-eabi/lib/thumb/v7-m/libc_nano.a(lib_a-fflush.o)
                              /opt/st/stm32cubeide_1.1.0/plugins/com.st.stm32cube.ide.mcu.externaltools.gnu-tools-for-stm32.7-2018-q2-update.linux64_1.0.0.201904181610/tools/bin/../lib/gcc/arm-none-eabi/7.3.1/../../../../arm-none-eabi/lib/thumb/v7-m/libc_nano.a(lib_a-wbuf.o) (_fflush_r)
/opt/st/stm32cubeide_1.1.0/plugins/com.st.stm32cube.ide.mcu.externaltools.gnu-tools-for-stm32.7-2018-q2-update.linux64_1.0.0.201904181610/tools/bin/../lib/gcc/arm-none-eabi/7.3.1/../../../../arm-none-eabi/lib/thumb/v7-m/libc_nano.a(lib_a-findfp.o)
                              /opt/st/stm32cubeide_1.1.0/plugins/com.st.stm32cube.ide.mcu.externaltools.gnu-tools-for-stm32.7-2018-q2-update.linux64_1.0.0.201904181610/tools/bin/../lib/gcc/arm-none-eabi/7.3.1/../../../../arm-none-eabi/lib/thumb/v7-m/libc_nano.a(lib_a-puts.o) (__sinit)
[...]
Memory Configuration

Name             Origin             Length             Attributes
RAM              0x0000000020000000 0x0000000000005000 xrw
FLASH            0x0000000008000000 0x0000000000010000 xr
*default*        0x0000000000000000 0xffffffffffffffff

Linker script and memory map

LOAD /opt/st/stm32cubeide_1.1.0/plugins/com.st.stm32cube.ide.mcu.externaltools.gnu-tools-for-stm32.7-2018-q2-update.linux64_1.0.0.201904181610/tools/bin/../lib/gcc/arm-none-eabi/7.3.1/thumb/v7-m/crti.o
LOAD /opt/st/stm32cubeide_1.1.0/plugins/com.st.stm32cube.ide.mcu.externaltools.gnu-tools-for-stm32.7-2018-q2-update.linux64_1.0.0.201904181610/tools/bin/../lib/gcc/arm-none-eabi/7.3.1/thumb/v7-m/crtbegin.o
LOAD /opt/st/stm32cubeide_1.1.0/plugins/com.st.stm32cube.ide.mcu.externaltools.gnu-tools-for-stm32.7-2018-q2-update.linux64_1.0.0.201904181610/tools/bin/../lib/gcc/arm-none-eabi/7.3.1/../../../../arm-none-eabi/lib/thumb/v7-m/crt0.o
LOAD Core/Src/main.o
LOAD Core/Src/stm32f1xx_hal_msp.o
LOAD Core/Src/stm32f1xx_it.o
LOAD Core/Src/syscalls.o
LOAD Core/Src/sysmem.o
LOAD Core/Src/system_stm32f1xx.o
LOAD Core/Startup/startup_stm32f103c8tx.o
LOAD Drivers/STM32F1xx_HAL_Driver/Src/stm32f1xx_hal.o
LOAD Drivers/STM32F1xx_HAL_Driver/Src/stm32f1xx_hal_cortex.o
LOAD Drivers/STM32F1xx_HAL_Driver/Src/stm32f1xx_hal_dma.o
LOAD Drivers/STM32F1xx_HAL_Driver/Src/stm32f1xx_hal_exti.o
LOAD Drivers/STM32F1xx_HAL_Driver/Src/stm32f1xx_hal_flash.o
LOAD Drivers/STM32F1xx_HAL_Driver/Src/stm32f1xx_hal_flash_ex.o
LOAD Drivers/STM32F1xx_HAL_Driver/Src/stm32f1xx_hal_gpio.o
LOAD Drivers/STM32F1xx_HAL_Driver/Src/stm32f1xx_hal_gpio_ex.o
LOAD Drivers/STM32F1xx_HAL_Driver/Src/stm32f1xx_hal_pcd.o
LOAD Drivers/STM32F1xx_HAL_Driver/Src/stm32f1xx_hal_pcd_ex.o
LOAD Drivers/STM32F1xx_HAL_Driver/Src/stm32f1xx_hal_pwr.o
LOAD Drivers/STM32F1xx_HAL_Driver/Src/stm32f1xx_hal_rcc.o
LOAD Drivers/STM32F1xx_HAL_Driver/Src/stm32f1xx_hal_rcc_ex.o
LOAD Drivers/STM32F1xx_HAL_Driver/Src/stm32f1xx_hal_tim.o
LOAD Drivers/STM32F1xx_HAL_Driver/Src/stm32f1xx_hal_tim_ex.o
LOAD Drivers/STM32F1xx_HAL_Driver/Src/stm32f1xx_ll_usb.o
LOAD Middlewares/ST/STM32_USB_Device_Library/Class/CustomHID/Src/usbd_customhid.o
LOAD Middlewares/ST/STM32_USB_Device_Library/Core/Src/usbd_core.o
LOAD Middlewares/ST/STM32_USB_Device_Library/Core/Src/usbd_ctlreq.o
LOAD Middlewares/ST/STM32_USB_Device_Library/Core/Src/usbd_ioreq.o
LOAD USB_DEVICE/App/usb_device.o
LOAD USB_DEVICE/App/usbd_custom_hid_if.o
LOAD USB_DEVICE/App/usbd_desc.o
LOAD USB_DEVICE/Target/usbd_conf.o
START GROUP
LOAD /opt/st/stm32cubeide_1.1.0/plugins/com.st.stm32cube.ide.mcu.externaltools.gnu-tools-for-stm32.7-2018-q2-update.linux64_1.0.0.201904181610/tools/bin/../lib/gcc/arm-none-eabi/7.3.1/../../../../arm-none-eabi/lib/thumb/v7-m/libc_nano.a
LOAD /opt/st/stm32cubeide_1.1.0/plugins/com.st.stm32cube.ide.mcu.externaltools.gnu-tools-for-stm32.7-2018-q2-update.linux64_1.0.0.201904181610/tools/bin/../lib/gcc/arm-none-eabi/7.3.1/../../../../arm-none-eabi/lib/thumb/v7-m/libm.a
END GROUP
START GROUP
LOAD /opt/st/stm32cubeide_1.1.0/plugins/com.st.stm32cube.ide.mcu.externaltools.gnu-tools-for-stm32.7-2018-q2-update.linux64_1.0.0.201904181610/tools/bin/../lib/gcc/arm-none-eabi/7.3.1/thumb/v7-m/libgcc.a
LOAD /opt/st/stm32cubeide_1.1.0/plugins/com.st.stm32cube.ide.mcu.externaltools.gnu-tools-for-stm32.7-2018-q2-update.linux64_1.0.0.201904181610/tools/bin/../lib/gcc/arm-none-eabi/7.3.1/../../../../arm-none-eabi/lib/thumb/v7-m/libc_nano.a
END GROUP
START GROUP
LOAD /opt/st/stm32cubeide_1.1.0/plugins/com.st.stm32cube.ide.mcu.externaltools.gnu-tools-for-stm32.7-2018-q2-update.linux64_1.0.0.201904181610/tools/bin/../lib/gcc/arm-none-eabi/7.3.1/thumb/v7-m/libgcc.a
LOAD /opt/st/stm32cubeide_1.1.0/plugins/com.st.stm32cube.ide.mcu.externaltools.gnu-tools-for-stm32.7-2018-q2-update.linux64_1.0.0.201904181610/tools/bin/../lib/gcc/arm-none-eabi/7.3.1/../../../../arm-none-eabi/lib/thumb/v7-m/libc_nano.a
LOAD /opt/st/stm32cubeide_1.1.0/plugins/com.st.stm32cube.ide.mcu.externaltools.gnu-tools-for-stm32.7-2018-q2-update.linux64_1.0.0.201904181610/tools/bin/../lib/gcc/arm-none-eabi/7.3.1/../../../../arm-none-eabi/lib/thumb/v7-m/libnosys.a
END GROUP
START GROUP
LOAD /opt/st/stm32cubeide_1.1.0/plugins/com.st.stm32cube.ide.mcu.externaltools.gnu-tools-for-stm32.7-2018-q2-update.linux64_1.0.0.201904181610/tools/bin/../lib/gcc/arm-none-eabi/7.3.1/thumb/v7-m/libgcc.a
LOAD /opt/st/stm32cubeide_1.1.0/plugins/com.st.stm32cube.ide.mcu.externaltools.gnu-tools-for-stm32.7-2018-q2-update.linux64_1.0.0.201904181610/tools/bin/../lib/gcc/arm-none-eabi/7.3.1/../../../../arm-none-eabi/lib/thumb/v7-m/libc_nano.a
LOAD /opt/st/stm32cubeide_1.1.0/plugins/com.st.stm32cube.ide.mcu.externaltools.gnu-tools-for-stm32.7-2018-q2-update.linux64_1.0.0.201904181610/tools/bin/../lib/gcc/arm-none-eabi/7.3.1/../../../../arm-none-eabi/lib/thumb/v7-m/libnosys.a
END GROUP
LOAD /opt/st/stm32cubeide_1.1.0/plugins/com.st.stm32cube.ide.mcu.externaltools.gnu-tools-for-stm32.7-2018-q2-update.linux64_1.0.0.201904181610/tools/bin/../lib/gcc/arm-none-eabi/7.3.1/thumb/v7-m/crtend.o
LOAD /opt/st/stm32cubeide_1.1.0/plugins/com.st.stm32cube.ide.mcu.externaltools.gnu-tools-for-stm32.7-2018-q2-update.linux64_1.0.0.201904181610/tools/bin/../lib/gcc/arm-none-eabi/7.3.1/thumb/v7-m/crtn.o
                0x0000000020005000                _estack = (ORIGIN (RAM) + LENGTH (RAM))
                0x0000000000000200                _Min_Heap_Size = 0x200
                0x0000000000000400                _Min_Stack_Size = 0x400

.isr_vector     0x0000000008000000      0x10c
                0x0000000008000000                . = ALIGN (0x4)
 *(.isr_vector)
 .isr_vector    0x0000000008000000      0x10c Core/Startup/startup_stm32f103c8tx.o
                0x0000000008000000                g_pfnVectors
                0x000000000800010c                . = ALIGN (0x4)

.text           0x000000000800010c     0x5aa0
                0x000000000800010c                . = ALIGN (0x4)
 *(.text)
 .text          0x000000000800010c       0x40 /opt/st/stm32cubeide_1.1.0/plugins/com.st.stm32cube.ide.mcu.externaltools.gnu-tools-for-stm32.7-2018-q2-update.linux64_1.0.0.201904181610/tools/bin/../lib/gcc/arm-none-eabi/7.3.1/thumb/v7-m/crtbegin.o
 *(.text*)
 .text.ITM_SendChar
                0x000000000800014c       0x4c Core/Src/main.o
 .text._write   0x0000000008000198       0x38 Core/Src/main.o
                0x0000000008000198                _write
 .text.main     0x00000000080001d0       0x28 Core/Src/main.o
                0x00000000080001d0                main
 .text.SystemClock_Config
                0x00000000080001f8       0xb4 Core/Src/main.o
                0x00000000080001f8                SystemClock_Config
 .text.MX_GPIO_Init
                0x00000000080002ac       0xac Core/Src/main.o
 .text.Error_Handler
                0x0000000008000358        0xc Core/Src/main.o
                0x0000000008000358                Error_Handler
 .text.HAL_MspInit
                0x0000000008000364       0x64 Core/Src/stm32f1xx_hal_msp.o
                0x0000000008000364                HAL_MspInit
 .text.NMI_Handler
                0x00000000080003c8        0xc Core/Src/stm32f1xx_it.o
                0x00000000080003c8                NMI_Handler
 .text.HardFault_Handler
                0x00000000080003d4        0x6 Core/Src/stm32f1xx_it.o
                0x00000000080003d4                HardFault_Handler
 .text.MemManage_Handler
                0x00000000080003da        0x6 Core/Src/stm32f1xx_it.o
                0x00000000080003da                MemManage_Handler
 .text.BusFault_Handler
                0x00000000080003e0        0x6 Core/Src/stm32f1xx_it.o
                0x00000000080003e0                BusFault_Handler
 .text.UsageFault_Handler
                0x00000000080003e6        0x6 Core/Src/stm32f1xx_it.o
                0x00000000080003e6                UsageFault_Handler
 .text.SVC_Handler
                0x00000000080003ec        0xc Core/Src/stm32f1xx_it.o
                0x00000000080003ec                SVC_Handler
 .text.DebugMon_Handler
                0x00000000080003f8        0xc Core/Src/stm32f1xx_it.o
                0x00000000080003f8                DebugMon_Handler
 .text.PendSV_Handler
                0x0000000008000404        0xc Core/Src/stm32f1xx_it.o
                0x0000000008000404                PendSV_Handler
 .text.SysTick_Handler
                0x0000000008000410        0xc Core/Src/stm32f1xx_it.o
                0x0000000008000410                SysTick_Handler
 .text.USB_LP_CAN1_RX0_IRQHandler
                0x000000000800041c       0x14 Core/Src/stm32f1xx_it.o
                0x000000000800041c                USB_LP_CAN1_RX0_IRQHandler
 .text._read    0x0000000008000430       0x3a Core/Src/syscalls.o
                0x0000000008000430                _read
 .text._close   0x000000000800046a       0x16 Core/Src/syscalls.o
                0x000000000800046a                _close
 .text._fstat   0x0000000008000480       0x1e Core/Src/syscalls.o
                0x0000000008000480                _fstat
 .text._isatty  0x000000000800049e       0x14 Core/Src/syscalls.o
                0x000000000800049e                _isatty
 .text._lseek   0x00000000080004b2       0x18 Core/Src/syscalls.o
                0x00000000080004b2                _lseek
 *fill*         0x00000000080004ca        0x2 
 .text._sbrk    0x00000000080004cc       0x58 Core/Src/sysmem.o
                0x00000000080004cc                _sbrk
 .text.SystemInit
                0x0000000008000524       0x68 Core/Src/system_stm32f1xx.o
                0x0000000008000524                SystemInit
 .text.Reset_Handler
                0x000000000800058c       0x48 Core/Startup/startup_stm32f103c8tx.o
                0x000000000800058c                Reset_Handler
 .text.Default_Handler
                0x00000000080005d4        0x2 Core/Startup/startup_stm32f103c8tx.o
                0x00000000080005d4                RTC_Alarm_IRQHandler
                0x00000000080005d4                EXTI2_IRQHandler
                0x00000000080005d4                TIM1_CC_IRQHandler
                0x00000000080005d4                PVD_IRQHandler
                0x00000000080005d4                EXTI3_IRQHandler
                0x00000000080005d4                EXTI0_IRQHandler
                0x00000000080005d4                I2C2_EV_IRQHandler
                0x00000000080005d4                ADC1_2_IRQHandler
                0x00000000080005d4                SPI1_IRQHandler
                0x00000000080005d4                TAMPER_IRQHandler
                0x00000000080005d4                DMA1_Channel4_IRQHandler
                0x00000000080005d4                USART3_IRQHandler
                0x00000000080005d4                RTC_IRQHandler
                0x00000000080005d4                DMA1_Channel7_IRQHandler
                0x00000000080005d4                CAN1_RX1_IRQHandler
                0x00000000080005d4                TIM4_IRQHandler
                0x00000000080005d4                I2C1_EV_IRQHandler
                0x00000000080005d4                DMA1_Channel6_IRQHandler
                0x00000000080005d4                TIM3_IRQHandler
                0x00000000080005d4                RCC_IRQHandler
                0x00000000080005d4                TIM1_TRG_COM_IRQHandler
                0x00000000080005d4                DMA1_Channel1_IRQHandler
                0x00000000080005d4                Default_Handler
                0x00000000080005d4                EXTI15_10_IRQHandler
                0x00000000080005d4                EXTI9_5_IRQHandler
                0x00000000080005d4                SPI2_IRQHandler
                0x00000000080005d4                DMA1_Channel5_IRQHandler
                0x00000000080005d4                EXTI4_IRQHandler
                0x00000000080005d4                USB_HP_CAN1_TX_IRQHandler
                0x00000000080005d4                DMA1_Channel3_IRQHandler
                0x00000000080005d4                TIM1_UP_IRQHandler
                0x00000000080005d4                WWDG_IRQHandler
                0x00000000080005d4                TIM2_IRQHandler
                0x00000000080005d4                TIM1_BRK_IRQHandler
                0x00000000080005d4                EXTI1_IRQHandler
                0x00000000080005d4                USART2_IRQHandler
                0x00000000080005d4                I2C2_ER_IRQHandler
                0x00000000080005d4                DMA1_Channel2_IRQHandler
                0x00000000080005d4                CAN1_SCE_IRQHandler
                0x00000000080005d4                FLASH_IRQHandler
                0x00000000080005d4                USART1_IRQHandler
                0x00000000080005d4                I2C1_ER_IRQHandler
                0x00000000080005d4                USBWakeUp_IRQHandler
 *fill*         0x00000000080005d6        0x2 
 .text.HAL_Init
                0x00000000080005d8       0x2c Drivers/STM32F1xx_HAL_Driver/Src/stm32f1xx_hal.o
                0x00000000080005d8                HAL_Init
 .text.HAL_InitTick
                0x0000000008000604       0x60 Drivers/STM32F1xx_HAL_Driver/Src/stm32f1xx_hal.o
                0x0000000008000604                HAL_InitTick
 .text.HAL_IncTick
                0x0000000008000664       0x24 Drivers/STM32F1xx_HAL_Driver/Src/stm32f1xx_hal.o
                0x0000000008000664                HAL_IncTick
 .text.HAL_GetTick
                0x0000000008000688       0x14 Drivers/STM32F1xx_HAL_Driver/Src/stm32f1xx_hal.o
                0x0000000008000688                HAL_GetTick
 .text.HAL_Delay
                0x000000000800069c       0x44 Drivers/STM32F1xx_HAL_Driver/Src/stm32f1xx_hal.o
                0x000000000800069c                HAL_Delay
 .text.__NVIC_SetPriorityGrouping
                0x00000000080006e0       0x48 Drivers/STM32F1xx_HAL_Driver/Src/stm32f1xx_hal_cortex.o
 .text.__NVIC_GetPriorityGrouping
                0x0000000008000728       0x1c Drivers/STM32F1xx_HAL_Driver/Src/stm32f1xx_hal_cortex.o
 .text.__NVIC_EnableIRQ
                0x0000000008000744       0x38 Drivers/STM32F1xx_HAL_Driver/Src/stm32f1xx_hal_cortex.o
 .text.__NVIC_SetPriority
                0x000000000800077c       0x54 Drivers/STM32F1xx_HAL_Driver/Src/stm32f1xx_hal_cortex.o
 .text.NVIC_EncodePriority
                0x00000000080007d0       0x64 Drivers/STM32F1xx_HAL_Driver/Src/stm32f1xx_hal_cortex.o
 .text.SysTick_Config
                0x0000000008000834       0x44 Drivers/STM32F1xx_HAL_Driver/Src/stm32f1xx_hal_cortex.o
 .text.HAL_NVIC_SetPriorityGrouping
                0x0000000008000878       0x16 Drivers/STM32F1xx_HAL_Driver/Src/stm32f1xx_hal_cortex.o
                0x0000000008000878                HAL_NVIC_SetPriorityGrouping
 .text.HAL_NVIC_SetPriority
                0x000000000800088e       0x38 Drivers/STM32F1xx_HAL_Driver/Src/stm32f1xx_hal_cortex.o
                0x000000000800088e                HAL_NVIC_SetPriority
 .text.HAL_NVIC_EnableIRQ
                0x00000000080008c6       0x1c Drivers/STM32F1xx_HAL_Driver/Src/stm32f1xx_hal_cortex.o
                0x00000000080008c6                HAL_NVIC_EnableIRQ
 .text.HAL_SYSTICK_Config
                0x00000000080008e2       0x18 Drivers/STM32F1xx_HAL_Driver/Src/stm32f1xx_hal_cortex.o
                0x00000000080008e2                HAL_SYSTICK_Config
 *fill*         0x00000000080008fa        0x2 
 .text.HAL_GPIO_Init
                0x00000000080008fc      0x2b4 Drivers/STM32F1xx_HAL_Driver/Src/stm32f1xx_hal_gpio.o
                0x00000000080008fc                HAL_GPIO_Init
 .text.HAL_GPIO_WritePin
                0x0000000008000bb0       0x30 Drivers/STM32F1xx_HAL_Driver/Src/stm32f1xx_hal_gpio.o
                0x0000000008000bb0                HAL_GPIO_WritePin
 .text.HAL_PCD_Init
                0x0000000008000be0      0x1c2 Drivers/STM32F1xx_HAL_Driver/Src/stm32f1xx_hal_pcd.o
                0x0000000008000be0                HAL_PCD_Init
 .text.HAL_PCD_Start
                0x0000000008000da2       0x4c Drivers/STM32F1xx_HAL_Driver/Src/stm32f1xx_hal_pcd.o
                0x0000000008000da2                HAL_PCD_Start
 .text.HAL_PCD_IRQHandler
                0x0000000008000dee      0x21c Drivers/STM32F1xx_HAL_Driver/Src/stm32f1xx_hal_pcd.o
                0x0000000008000dee                HAL_PCD_IRQHandler
 .text.HAL_PCD_SetAddress
                0x000000000800100a       0x4a Drivers/STM32F1xx_HAL_Driver/Src/stm32f1xx_hal_pcd.o
                0x000000000800100a                HAL_PCD_SetAddress
 .text.HAL_PCD_EP_Open
                0x0000000008001054       0xc0 Drivers/STM32F1xx_HAL_Driver/Src/stm32f1xx_hal_pcd.o
                0x0000000008001054                HAL_PCD_EP_Open
 .text.HAL_PCD_EP_Close
                0x0000000008001114       0x84 Drivers/STM32F1xx_HAL_Driver/Src/stm32f1xx_hal_pcd.o
                0x0000000008001114                HAL_PCD_EP_Close
 .text.HAL_PCD_EP_Receive
                0x0000000008001198       0x74 Drivers/STM32F1xx_HAL_Driver/Src/stm32f1xx_hal_pcd.o
                0x0000000008001198                HAL_PCD_EP_Receive
 .text.HAL_PCD_EP_Transmit
                0x000000000800120c       0x72 Drivers/STM32F1xx_HAL_Driver/Src/stm32f1xx_hal_pcd.o
                0x000000000800120c                HAL_PCD_EP_Transmit
 .text.HAL_PCD_EP_SetStall
                0x000000000800127e       0xb4 Drivers/STM32F1xx_HAL_Driver/Src/stm32f1xx_hal_pcd.o
                0x000000000800127e                HAL_PCD_EP_SetStall
 .text.HAL_PCD_EP_ClrStall
                0x0000000008001332       0x9c Drivers/STM32F1xx_HAL_Driver/Src/stm32f1xx_hal_pcd.o
                0x0000000008001332                HAL_PCD_EP_ClrStall
 *fill*         0x00000000080013ce        0x2 
 .text.PCD_EP_ISR_Handler
                0x00000000080013d0      0x534 Drivers/STM32F1xx_HAL_Driver/Src/stm32f1xx_hal_pcd.o
 .text.HAL_PCDEx_PMAConfig
                0x0000000008001904       0x78 Drivers/STM32F1xx_HAL_Driver/Src/stm32f1xx_hal_pcd_ex.o
                0x0000000008001904                HAL_PCDEx_PMAConfig
 .text.HAL_RCC_OscConfig
                0x000000000800197c      0x500 Drivers/STM32F1xx_HAL_Driver/Src/stm32f1xx_hal_rcc.o
                0x000000000800197c                HAL_RCC_OscConfig
 .text.HAL_RCC_ClockConfig
                0x0000000008001e7c      0x1d4 Drivers/STM32F1xx_HAL_Driver/Src/stm32f1xx_hal_rcc.o
                0x0000000008001e7c                HAL_RCC_ClockConfig
 .text.HAL_RCC_GetSysClockFreq
                0x0000000008002050       0xc4 Drivers/STM32F1xx_HAL_Driver/Src/stm32f1xx_hal_rcc.o
                0x0000000008002050                HAL_RCC_GetSysClockFreq
 .text.RCC_Delay
                0x0000000008002114       0x3c Drivers/STM32F1xx_HAL_Driver/Src/stm32f1xx_hal_rcc.o
 .text.HAL_RCCEx_PeriphCLKConfig
                0x0000000008002150      0x16c Drivers/STM32F1xx_HAL_Driver/Src/stm32f1xx_hal_rcc_ex.o
                0x0000000008002150                HAL_RCCEx_PeriphCLKConfig
 .text.USB_CoreInit
                0x00000000080022bc       0x20 Drivers/STM32F1xx_HAL_Driver/Src/stm32f1xx_ll_usb.o
                0x00000000080022bc                USB_CoreInit
 .text.USB_EnableGlobalInt
                0x00000000080022dc       0x2e Drivers/STM32F1xx_HAL_Driver/Src/stm32f1xx_ll_usb.o
                0x00000000080022dc                USB_EnableGlobalInt
 .text.USB_DisableGlobalInt
                0x000000000800230a       0x38 Drivers/STM32F1xx_HAL_Driver/Src/stm32f1xx_ll_usb.o
                0x000000000800230a                USB_DisableGlobalInt
 .text.USB_SetCurrentMode
                0x0000000008002342       0x18 Drivers/STM32F1xx_HAL_Driver/Src/stm32f1xx_ll_usb.o
                0x0000000008002342                USB_SetCurrentMode
 .text.USB_DevInit
                0x000000000800235a       0x48 Drivers/STM32F1xx_HAL_Driver/Src/stm32f1xx_ll_usb.o
                0x000000000800235a                USB_DevInit
 *fill*         0x00000000080023a2        0x2 
 .text.USB_ActivateEndpoint
                0x00000000080023a4      0x5dc Drivers/STM32F1xx_HAL_Driver/Src/stm32f1xx_ll_usb.o
                0x00000000080023a4                USB_ActivateEndpoint
 .text.USB_DeactivateEndpoint
                0x0000000008002980      0x32c Drivers/STM32F1xx_HAL_Driver/Src/stm32f1xx_ll_usb.o
                0x0000000008002980                USB_DeactivateEndpoint
 .text.USB_EPStartXfer
                0x0000000008002cac      0x570 Drivers/STM32F1xx_HAL_Driver/Src/stm32f1xx_ll_usb.o
                0x0000000008002cac                USB_EPStartXfer
 .text.USB_EPSetStall
                0x000000000800321c       0x84 Drivers/STM32F1xx_HAL_Driver/Src/stm32f1xx_ll_usb.o
                0x000000000800321c                USB_EPSetStall
 .text.USB_EPClearStall
                0x00000000080032a0      0x128 Drivers/STM32F1xx_HAL_Driver/Src/stm32f1xx_ll_usb.o
                0x00000000080032a0                USB_EPClearStall
 .text.USB_SetDevAddress
                0x00000000080033c8       0x26 Drivers/STM32F1xx_HAL_Driver/Src/stm32f1xx_ll_usb.o
                0x00000000080033c8                USB_SetDevAddress
 .text.USB_DevConnect
                0x00000000080033ee       0x14 Drivers/STM32F1xx_HAL_Driver/Src/stm32f1xx_ll_usb.o
                0x00000000080033ee                USB_DevConnect
 .text.USB_DevDisconnect
                0x0000000008003402       0x14 Drivers/STM32F1xx_HAL_Driver/Src/stm32f1xx_ll_usb.o
                0x0000000008003402                USB_DevDisconnect
 .text.USB_ReadInterrupts
                0x0000000008003416       0x1e Drivers/STM32F1xx_HAL_Driver/Src/stm32f1xx_ll_usb.o
                0x0000000008003416                USB_ReadInterrupts
 .text.USB_EP0_OutStart
                0x0000000008003434       0x16 Drivers/STM32F1xx_HAL_Driver/Src/stm32f1xx_ll_usb.o
                0x0000000008003434                USB_EP0_OutStart
 .text.USB_WritePMA
                0x000000000800344a       0x88 Drivers/STM32F1xx_HAL_Driver/Src/stm32f1xx_ll_usb.o
                0x000000000800344a                USB_WritePMA
 .text.USB_ReadPMA
                0x00000000080034d2       0x9e Drivers/STM32F1xx_HAL_Driver/Src/stm32f1xx_ll_usb.o
                0x00000000080034d2                USB_ReadPMA
 .text.USBD_CUSTOM_HID_Init
                0x0000000008003570       0x82 Middlewares/ST/STM32_USB_Device_Library/Class/CustomHID/Src/usbd_customhid.o
 .text.USBD_CUSTOM_HID_DeInit
                0x00000000080035f2       0x5c Middlewares/ST/STM32_USB_Device_Library/Class/CustomHID/Src/usbd_customhid.o
 *fill*         0x000000000800364e        0x2 
 .text.USBD_CUSTOM_HID_Setup
                0x0000000008003650      0x200 Middlewares/ST/STM32_USB_Device_Library/Class/CustomHID/Src/usbd_customhid.o
 .text.USBD_CUSTOM_HID_GetFSCfgDesc
                0x0000000008003850       0x20 Middlewares/ST/STM32_USB_Device_Library/Class/CustomHID/Src/usbd_customhid.o
 .text.USBD_CUSTOM_HID_GetHSCfgDesc
                0x0000000008003870       0x20 Middlewares/ST/STM32_USB_Device_Library/Class/CustomHID/Src/usbd_customhid.o
 .text.USBD_CUSTOM_HID_GetOtherSpeedCfgDesc
                0x0000000008003890       0x20 Middlewares/ST/STM32_USB_Device_Library/Class/CustomHID/Src/usbd_customhid.o
 .text.USBD_CUSTOM_HID_DataIn
                0x00000000080038b0       0x22 Middlewares/ST/STM32_USB_Device_Library/Class/CustomHID/Src/usbd_customhid.o
 .text.USBD_CUSTOM_HID_DataOut
                0x00000000080038d2       0x3e Middlewares/ST/STM32_USB_Device_Library/Class/CustomHID/Src/usbd_customhid.o
 .text.USBD_CUSTOM_HID_EP0_RxReady
                0x0000000008003910       0x3c Middlewares/ST/STM32_USB_Device_Library/Class/CustomHID/Src/usbd_customhid.o
 .text.USBD_CUSTOM_HID_GetDeviceQualifierDesc
                0x000000000800394c       0x20 Middlewares/ST/STM32_USB_Device_Library/Class/CustomHID/Src/usbd_customhid.o
 .text.USBD_CUSTOM_HID_RegisterInterface
                0x000000000800396c       0x2c Middlewares/ST/STM32_USB_Device_Library/Class/CustomHID/Src/usbd_customhid.o
                0x000000000800396c                USBD_CUSTOM_HID_RegisterInterface
 .text.USBD_Init
                0x0000000008003998       0x56 Middlewares/ST/STM32_USB_Device_Library/Core/Src/usbd_core.o
                0x0000000008003998                USBD_Init
 .text.USBD_RegisterClass
                0x00000000080039ee       0x32 Middlewares/ST/STM32_USB_Device_Library/Core/Src/usbd_core.o
                0x00000000080039ee                USBD_RegisterClass
 .text.USBD_Start
                0x0000000008003a20       0x18 Middlewares/ST/STM32_USB_Device_Library/Core/Src/usbd_core.o
                0x0000000008003a20                USBD_Start
 .text.USBD_RunTestMode
                0x0000000008003a38       0x14 Middlewares/ST/STM32_USB_Device_Library/Core/Src/usbd_core.o
                0x0000000008003a38                USBD_RunTestMode
 .text.USBD_SetClassConfig
                0x0000000008003a4c       0x3e Middlewares/ST/STM32_USB_Device_Library/Core/Src/usbd_core.o
                0x0000000008003a4c                USBD_SetClassConfig
 .text.USBD_ClrClassConfig
                0x0000000008003a8a       0x26 Middlewares/ST/STM32_USB_Device_Library/Core/Src/usbd_core.o
                0x0000000008003a8a                USBD_ClrClassConfig
 .text.USBD_LL_SetupStage
                0x0000000008003ab0       0x96 Middlewares/ST/STM32_USB_Device_Library/Core/Src/usbd_core.o
                0x0000000008003ab0                USBD_LL_SetupStage
 .text.USBD_LL_DataOutStage
                0x0000000008003b46       0xe2 Middlewares/ST/STM32_USB_Device_Library/Core/Src/usbd_core.o
                0x0000000008003b46                USBD_LL_DataOutStage
 .text.USBD_LL_DataInStage
                0x0000000008003c28      0x14a Middlewares/ST/STM32_USB_Device_Library/Core/Src/usbd_core.o
                0x0000000008003c28                USBD_LL_DataInStage
 .text.USBD_LL_Reset
                0x0000000008003d72       0x82 Middlewares/ST/STM32_USB_Device_Library/Core/Src/usbd_core.o
                0x0000000008003d72                USBD_LL_Reset
 .text.USBD_LL_SetSpeed
                0x0000000008003df4       0x1e Middlewares/ST/STM32_USB_Device_Library/Core/Src/usbd_core.o
                0x0000000008003df4                USBD_LL_SetSpeed
 .text.USBD_LL_Suspend
                0x0000000008003e12       0x28 Middlewares/ST/STM32_USB_Device_Library/Core/Src/usbd_core.o
                0x0000000008003e12                USBD_LL_Suspend
 .text.USBD_LL_Resume
                0x0000000008003e3a       0x2a Middlewares/ST/STM32_USB_Device_Library/Core/Src/usbd_core.o
                0x0000000008003e3a                USBD_LL_Resume
 .text.USBD_LL_SOF
                0x0000000008003e64       0x34 Middlewares/ST/STM32_USB_Device_Library/Core/Src/usbd_core.o
                0x0000000008003e64                USBD_LL_SOF
 .text.USBD_StdDevReq
                0x0000000008003e98       0xd4 Middlewares/ST/STM32_USB_Device_Library/Core/Src/usbd_ctlreq.o
                0x0000000008003e98                USBD_StdDevReq
 .text.USBD_StdItfReq
                0x0000000008003f6c       0x8c Middlewares/ST/STM32_USB_Device_Library/Core/Src/usbd_ctlreq.o
                0x0000000008003f6c                USBD_StdItfReq
 .text.USBD_StdEPReq
                0x0000000008003ff8      0x2ba Middlewares/ST/STM32_USB_Device_Library/Core/Src/usbd_ctlreq.o
                0x0000000008003ff8                USBD_StdEPReq
 *fill*         0x00000000080042b2        0x2 
 .text.USBD_GetDescriptor
                0x00000000080042b4      0x2d0 Middlewares/ST/STM32_USB_Device_Library/Core/Src/usbd_ctlreq.o
 .text.USBD_SetAddress
                0x0000000008004584       0x84 Middlewares/ST/STM32_USB_Device_Library/Core/Src/usbd_ctlreq.o
 .text.USBD_SetConfig
                0x0000000008004608      0x11c Middlewares/ST/STM32_USB_Device_Library/Core/Src/usbd_ctlreq.o
 .text.USBD_GetConfig
                0x0000000008004724       0x68 Middlewares/ST/STM32_USB_Device_Library/Core/Src/usbd_ctlreq.o
 .text.USBD_GetStatus
                0x000000000800478c       0x66 Middlewares/ST/STM32_USB_Device_Library/Core/Src/usbd_ctlreq.o
 .text.USBD_SetFeature
                0x00000000080047f2       0x28 Middlewares/ST/STM32_USB_Device_Library/Core/Src/usbd_ctlreq.o
 .text.USBD_ClrFeature
                0x000000000800481a       0x42 Middlewares/ST/STM32_USB_Device_Library/Core/Src/usbd_ctlreq.o
 .text.USBD_ParseSetupRequest
                0x000000000800485c       0x78 Middlewares/ST/STM32_USB_Device_Library/Core/Src/usbd_ctlreq.o
                0x000000000800485c                USBD_ParseSetupRequest
 .text.USBD_CtlError
                0x00000000080048d4       0x22 Middlewares/ST/STM32_USB_Device_Library/Core/Src/usbd_ctlreq.o
                0x00000000080048d4                USBD_CtlError
 .text.USBD_GetString
                0x00000000080048f6       0x84 Middlewares/ST/STM32_USB_Device_Library/Core/Src/usbd_ctlreq.o
                0x00000000080048f6                USBD_GetString
 .text.USBD_GetLen
                0x000000000800497a       0x2e Middlewares/ST/STM32_USB_Device_Library/Core/Src/usbd_ctlreq.o
 .text.USBD_CtlSendData
                0x00000000080049a8       0x38 Middlewares/ST/STM32_USB_Device_Library/Core/Src/usbd_ioreq.o
                0x00000000080049a8                USBD_CtlSendData
 .text.USBD_CtlContinueSendData
                0x00000000080049e0       0x24 Middlewares/ST/STM32_USB_Device_Library/Core/Src/usbd_ioreq.o
                0x00000000080049e0                USBD_CtlContinueSendData
 .text.USBD_CtlPrepareRx
                0x0000000008004a04       0x3c Middlewares/ST/STM32_USB_Device_Library/Core/Src/usbd_ioreq.o
                0x0000000008004a04                USBD_CtlPrepareRx
 .text.USBD_CtlContinueRx
                0x0000000008004a40       0x24 Middlewares/ST/STM32_USB_Device_Library/Core/Src/usbd_ioreq.o
                0x0000000008004a40                USBD_CtlContinueRx
 .text.USBD_CtlSendStatus
                0x0000000008004a64       0x26 Middlewares/ST/STM32_USB_Device_Library/Core/Src/usbd_ioreq.o
                0x0000000008004a64                USBD_CtlSendStatus
 .text.USBD_CtlReceiveStatus
                0x0000000008004a8a       0x26 Middlewares/ST/STM32_USB_Device_Library/Core/Src/usbd_ioreq.o
                0x0000000008004a8a                USBD_CtlReceiveStatus
 .text.MX_USB_DEVICE_Init
                0x0000000008004ab0       0x60 USB_DEVICE/App/usb_device.o
                0x0000000008004ab0                MX_USB_DEVICE_Init
 .text.CUSTOM_HID_Init_FS
                0x0000000008004b10        0xe USB_DEVICE/App/usbd_custom_hid_if.o
 .text.CUSTOM_HID_DeInit_FS
                0x0000000008004b1e        0xe USB_DEVICE/App/usbd_custom_hid_if.o
 .text.CUSTOM_HID_OutEvent_FS
                0x0000000008004b2c       0x1c USB_DEVICE/App/usbd_custom_hid_if.o
 .text.USBD_FS_DeviceDescriptor
                0x0000000008004b48       0x24 USB_DEVICE/App/usbd_desc.o
                0x0000000008004b48                USBD_FS_DeviceDescriptor
 .text.USBD_FS_LangIDStrDescriptor
                0x0000000008004b6c       0x24 USB_DEVICE/App/usbd_desc.o
                0x0000000008004b6c                USBD_FS_LangIDStrDescriptor
 .text.USBD_FS_ProductStrDescriptor
                0x0000000008004b90       0x3c USB_DEVICE/App/usbd_desc.o
                0x0000000008004b90                USBD_FS_ProductStrDescriptor
 .text.USBD_FS_ManufacturerStrDescriptor
                0x0000000008004bcc       0x28 USB_DEVICE/App/usbd_desc.o
                0x0000000008004bcc                USBD_FS_ManufacturerStrDescriptor
 .text.USBD_FS_SerialStrDescriptor
                0x0000000008004bf4       0x24 USB_DEVICE/App/usbd_desc.o
                0x0000000008004bf4                USBD_FS_SerialStrDescriptor
 .text.USBD_FS_ConfigStrDescriptor
                0x0000000008004c18       0x3c USB_DEVICE/App/usbd_desc.o
                0x0000000008004c18                USBD_FS_ConfigStrDescriptor
 .text.USBD_FS_InterfaceStrDescriptor
                0x0000000008004c54       0x3c USB_DEVICE/App/usbd_desc.o
                0x0000000008004c54                USBD_FS_InterfaceStrDescriptor
 .text.Get_SerialNum
                0x0000000008004c90       0x58 USB_DEVICE/App/usbd_desc.o
 .text.IntToUnicode
                0x0000000008004ce8       0x7a USB_DEVICE/App/usbd_desc.o
 *fill*         0x0000000008004d62        0x2 
 .text.HAL_PCD_MspInit
                0x0000000008004d64       0x4c USB_DEVICE/Target/usbd_conf.o
                0x0000000008004d64                HAL_PCD_MspInit
 .text.HAL_PCD_SetupStageCallback
                0x0000000008004db0       0x24 USB_DEVICE/Target/usbd_conf.o
                0x0000000008004db0                HAL_PCD_SetupStageCallback
 .text.HAL_PCD_DataOutStageCallback
                0x0000000008004dd4       0x30 USB_DEVICE/Target/usbd_conf.o
                0x0000000008004dd4                HAL_PCD_DataOutStageCallback
 .text.HAL_PCD_DataInStageCallback
                0x0000000008004e04       0x2e USB_DEVICE/Target/usbd_conf.o
                0x0000000008004e04                HAL_PCD_DataInStageCallback
 .text.HAL_PCD_SOFCallback
                0x0000000008004e32       0x1c USB_DEVICE/Target/usbd_conf.o
                0x0000000008004e32                HAL_PCD_SOFCallback
 .text.HAL_PCD_ResetCallback
                0x0000000008004e4e       0x3c USB_DEVICE/Target/usbd_conf.o
                0x0000000008004e4e                HAL_PCD_ResetCallback
 *fill*         0x0000000008004e8a        0x2 
 .text.HAL_PCD_SuspendCallback
                0x0000000008004e8c       0x34 USB_DEVICE/Target/usbd_conf.o
                0x0000000008004e8c                HAL_PCD_SuspendCallback
 .text.HAL_PCD_ResumeCallback
                0x0000000008004ec0       0x1c USB_DEVICE/Target/usbd_conf.o
                0x0000000008004ec0                HAL_PCD_ResumeCallback
 .text.USBD_LL_Init
                0x0000000008004edc       0xa0 USB_DEVICE/Target/usbd_conf.o
                0x0000000008004edc                USBD_LL_Init
 .text.USBD_LL_Start
                0x0000000008004f7c       0x36 USB_DEVICE/Target/usbd_conf.o
                0x0000000008004f7c                USBD_LL_Start
 .text.USBD_LL_OpenEP
                0x0000000008004fb2       0x4c USB_DEVICE/Target/usbd_conf.o
                0x0000000008004fb2                USBD_LL_OpenEP
 .text.USBD_LL_CloseEP
                0x0000000008004ffe       0x3e USB_DEVICE/Target/usbd_conf.o
                0x0000000008004ffe                USBD_LL_CloseEP
 .text.USBD_LL_StallEP
                0x000000000800503c       0x3e USB_DEVICE/Target/usbd_conf.o
                0x000000000800503c                USBD_LL_StallEP
 .text.USBD_LL_ClearStallEP
                0x000000000800507a       0x3e USB_DEVICE/Target/usbd_conf.o
                0x000000000800507a                USBD_LL_ClearStallEP
 .text.USBD_LL_IsStallEP
                0x00000000080050b8       0x4a USB_DEVICE/Target/usbd_conf.o
                0x00000000080050b8                USBD_LL_IsStallEP
 .text.USBD_LL_SetUSBAddress
                0x0000000008005102       0x3e USB_DEVICE/Target/usbd_conf.o
                0x0000000008005102                USBD_LL_SetUSBAddress
 .text.USBD_LL_Transmit
                0x0000000008005140       0x46 USB_DEVICE/Target/usbd_conf.o
                0x0000000008005140                USBD_LL_Transmit
 .text.USBD_LL_PrepareReceive
                0x0000000008005186       0x46 USB_DEVICE/Target/usbd_conf.o
                0x0000000008005186                USBD_LL_PrepareReceive
 .text.USBD_static_malloc
                0x00000000080051cc       0x18 USB_DEVICE/Target/usbd_conf.o
                0x00000000080051cc                USBD_static_malloc
 .text.USBD_static_free
                0x00000000080051e4       0x12 USB_DEVICE/Target/usbd_conf.o
                0x00000000080051e4                USBD_static_free
 .text.HAL_PCDEx_SetConnectionState
                0x00000000080051f6       0x16 USB_DEVICE/Target/usbd_conf.o
                0x00000000080051f6                HAL_PCDEx_SetConnectionState
 .text.USBD_Get_USB_Status
                0x000000000800520c       0x58 USB_DEVICE/Target/usbd_conf.o
 .text.__errno  0x0000000008005264        0xc /opt/st/stm32cubeide_1.1.0/plugins/com.st.stm32cube.ide.mcu.externaltools.gnu-tools-for-stm32.7-2018-q2-update.linux64_1.0.0.201904181610/tools/bin/../lib/gcc/arm-none-eabi/7.3.1/../../../../arm-none-eabi/lib/thumb/v7-m/libc_nano.a(lib_a-errno.o)
                0x0000000008005264                __errno
 .text.__libc_init_array
                0x0000000008005270       0x48 /opt/st/stm32cubeide_1.1.0/plugins/com.st.stm32cube.ide.mcu.externaltools.gnu-tools-for-stm32.7-2018-q2-update.linux64_1.0.0.201904181610/tools/bin/../lib/gcc/arm-none-eabi/7.3.1/../../../../arm-none-eabi/lib/thumb/v7-m/libc_nano.a(lib_a-init.o)
                0x0000000008005270                __libc_init_array
 .text.memset   0x00000000080052b8       0x10 /opt/st/stm32cubeide_1.1.0/plugins/com.st.stm32cube.ide.mcu.externaltools.gnu-tools-for-stm32.7-2018-q2-update.linux64_1.0.0.201904181610/tools/bin/../lib/gcc/arm-none-eabi/7.3.1/../../../../arm-none-eabi/lib/thumb/v7-m/libc_nano.a(lib_a-memset.o)
                0x00000000080052b8                memset
 .text._puts_r  0x00000000080052c8       0xb8 /opt/st/stm32cubeide_1.1.0/plugins/com.st.stm32cube.ide.mcu.externaltools.gnu-tools-for-stm32.7-2018-q2-update.linux64_1.0.0.201904181610/tools/bin/../lib/gcc/arm-none-eabi/7.3.1/../../../../arm-none-eabi/lib/thumb/v7-m/libc_nano.a(lib_a-puts.o)
                0x00000000080052c8                _puts_r
 .text.puts     0x0000000008005380       0x10 /opt/st/stm32cubeide_1.1.0/plugins/com.st.stm32cube.ide.mcu.externaltools.gnu-tools-for-stm32.7-2018-q2-update.linux64_1.0.0.201904181610/tools/bin/../lib/gcc/arm-none-eabi/7.3.1/../../../../arm-none-eabi/lib/thumb/v7-m/libc_nano.a(lib_a-puts.o)
                0x0000000008005380                puts
 .text.__swbuf_r
                0x0000000008005390       0xa4 /opt/st/stm32cubeide_1.1.0/plugins/com.st.stm32cube.ide.mcu.externaltools.gnu-tools-for-stm32.7-2018-q2-update.linux64_1.0.0.201904181610/tools/bin/../lib/gcc/arm-none-eabi/7.3.1/../../../../arm-none-eabi/lib/thumb/v7-m/libc_nano.a(lib_a-wbuf.o)
                0x0000000008005390                __swbuf_r
 .text.__swsetup_r
                0x0000000008005434       0xdc /opt/st/stm32cubeide_1.1.0/plugins/com.st.stm32cube.ide.mcu.externaltools.gnu-tools-for-stm32.7-2018-q2-update.linux64_1.0.0.201904181610/tools/bin/../lib/gcc/arm-none-eabi/7.3.1/../../../../arm-none-eabi/lib/thumb/v7-m/libc_nano.a(lib_a-wsetup.o)
                0x0000000008005434                __swsetup_r
 .text.__sflush_r
                0x0000000008005510      0x10c /opt/st/stm32cubeide_1.1.0/plugins/com.st.stm32cube.ide.mcu.externaltools.gnu-tools-for-stm32.7-2018-q2-update.linux64_1.0.0.201904181610/tools/bin/../lib/gcc/arm-none-eabi/7.3.1/../../../../arm-none-eabi/lib/thumb/v7-m/libc_nano.a(lib_a-fflush.o)
                0x0000000008005510                __sflush_r
 .text._fflush_r
                0x000000000800561c       0x54 /opt/st/stm32cubeide_1.1.0/plugins/com.st.stm32cube.ide.mcu.externaltools.gnu-tools-for-stm32.7-2018-q2-update.linux64_1.0.0.201904181610/tools/bin/../lib/gcc/arm-none-eabi/7.3.1/../../../../arm-none-eabi/lib/thumb/v7-m/libc_nano.a(lib_a-fflush.o)
                0x000000000800561c                _fflush_r
 .text.std      0x0000000008005670       0x48 /opt/st/stm32cubeide_1.1.0/plugins/com.st.stm32cube.ide.mcu.externaltools.gnu-tools-for-stm32.7-2018-q2-update.linux64_1.0.0.201904181610/tools/bin/../lib/gcc/arm-none-eabi/7.3.1/../../../../arm-none-eabi/lib/thumb/v7-m/libc_nano.a(lib_a-findfp.o)
 .text._cleanup_r
                0x00000000080056b8        0xc /opt/st/stm32cubeide_1.1.0/plugins/com.st.stm32cube.ide.mcu.externaltools.gnu-tools-for-stm32.7-2018-q2-update.linux64_1.0.0.201904181610/tools/bin/../lib/gcc/arm-none-eabi/7.3.1/../../../../arm-none-eabi/lib/thumb/v7-m/libc_nano.a(lib_a-findfp.o)
                0x00000000080056b8                _cleanup_r
 .text.__sfmoreglue
                0x00000000080056c4       0x2c /opt/st/stm32cubeide_1.1.0/plugins/com.st.stm32cube.ide.mcu.externaltools.gnu-tools-for-stm32.7-2018-q2-update.linux64_1.0.0.201904181610/tools/bin/../lib/gcc/arm-none-eabi/7.3.1/../../../../arm-none-eabi/lib/thumb/v7-m/libc_nano.a(lib_a-findfp.o)
                0x00000000080056c4                __sfmoreglue
 .text.__sinit  0x00000000080056f0       0x60 /opt/st/stm32cubeide_1.1.0/plugins/com.st.stm32cube.ide.mcu.externaltools.gnu-tools-for-stm32.7-2018-q2-update.linux64_1.0.0.201904181610/tools/bin/../lib/gcc/arm-none-eabi/7.3.1/../../../../arm-none-eabi/lib/thumb/v7-m/libc_nano.a(lib_a-findfp.o)
                0x00000000080056f0                __sinit
 .text.__sfp    0x0000000008005750       0x78 /opt/st/stm32cubeide_1.1.0/plugins/com.st.stm32cube.ide.mcu.externaltools.gnu-tools-for-stm32.7-2018-q2-update.linux64_1.0.0.201904181610/tools/bin/../lib/gcc/arm-none-eabi/7.3.1/../../../../arm-none-eabi/lib/thumb/v7-m/libc_nano.a(lib_a-findfp.o)
                0x0000000008005750                __sfp
 .text._fwalk_reent
                0x00000000080057c8       0x3c /opt/st/stm32cubeide_1.1.0/plugins/com.st.stm32cube.ide.mcu.externaltools.gnu-tools-for-stm32.7-2018-q2-update.linux64_1.0.0.201904181610/tools/bin/../lib/gcc/arm-none-eabi/7.3.1/../../../../arm-none-eabi/lib/thumb/v7-m/libc_nano.a(lib_a-fwalk.o)
                0x00000000080057c8                _fwalk_reent
 .text.__swhatbuf_r
                0x0000000008005804       0x48 /opt/st/stm32cubeide_1.1.0/plugins/com.st.stm32cube.ide.mcu.externaltools.gnu-tools-for-stm32.7-2018-q2-update.linux64_1.0.0.201904181610/tools/bin/../lib/gcc/arm-none-eabi/7.3.1/../../../../arm-none-eabi/lib/thumb/v7-m/libc_nano.a(lib_a-makebuf.o)
                0x0000000008005804                __swhatbuf_r
 .text.__smakebuf_r
                0x000000000800584c       0x80 /opt/st/stm32cubeide_1.1.0/plugins/com.st.stm32cube.ide.mcu.externaltools.gnu-tools-for-stm32.7-2018-q2-update.linux64_1.0.0.201904181610/tools/bin/../lib/gcc/arm-none-eabi/7.3.1/../../../../arm-none-eabi/lib/thumb/v7-m/libc_nano.a(lib_a-makebuf.o)
                0x000000000800584c                __smakebuf_r
 .text._free_r  0x00000000080058cc       0x98 /opt/st/stm32cubeide_1.1.0/plugins/com.st.stm32cube.ide.mcu.externaltools.gnu-tools-for-stm32.7-2018-q2-update.linux64_1.0.0.201904181610/tools/bin/../lib/gcc/arm-none-eabi/7.3.1/../../../../arm-none-eabi/lib/thumb/v7-m/libc_nano.a(lib_a-nano-freer.o)
                0x00000000080058cc                _free_r
 .text._malloc_r
                0x0000000008005964       0xb4 /opt/st/stm32cubeide_1.1.0/plugins/com.st.stm32cube.ide.mcu.externaltools.gnu-tools-for-stm32.7-2018-q2-update.linux64_1.0.0.201904181610/tools/bin/../lib/gcc/arm-none-eabi/7.3.1/../../../../arm-none-eabi/lib/thumb/v7-m/libc_nano.a(lib_a-nano-mallocr.o)
                0x0000000008005964                _malloc_r
 .text._sbrk_r  0x0000000008005a18       0x20 /opt/st/stm32cubeide_1.1.0/plugins/com.st.stm32cube.ide.mcu.externaltools.gnu-tools-for-stm32.7-2018-q2-update.linux64_1.0.0.201904181610/tools/bin/../lib/gcc/arm-none-eabi/7.3.1/../../../../arm-none-eabi/lib/thumb/v7-m/libc_nano.a(lib_a-sbrkr.o)
                0x0000000008005a18                _sbrk_r
 .text.__sread  0x0000000008005a38       0x22 /opt/st/stm32cubeide_1.1.0/plugins/com.st.stm32cube.ide.mcu.externaltools.gnu-tools-for-stm32.7-2018-q2-update.linux64_1.0.0.201904181610/tools/bin/../lib/gcc/arm-none-eabi/7.3.1/../../../../arm-none-eabi/lib/thumb/v7-m/libc_nano.a(lib_a-stdio.o)
                0x0000000008005a38                __sread
 .text.__swrite
                0x0000000008005a5a       0x38 /opt/st/stm32cubeide_1.1.0/plugins/com.st.stm32cube.ide.mcu.externaltools.gnu-tools-for-stm32.7-2018-q2-update.linux64_1.0.0.201904181610/tools/bin/../lib/gcc/arm-none-eabi/7.3.1/../../../../arm-none-eabi/lib/thumb/v7-m/libc_nano.a(lib_a-stdio.o)
                0x0000000008005a5a                __swrite
 .text.__sseek  0x0000000008005a92       0x24 /opt/st/stm32cubeide_1.1.0/plugins/com.st.stm32cube.ide.mcu.externaltools.gnu-tools-for-stm32.7-2018-q2-update.linux64_1.0.0.201904181610/tools/bin/../lib/gcc/arm-none-eabi/7.3.1/../../../../arm-none-eabi/lib/thumb/v7-m/libc_nano.a(lib_a-stdio.o)
                0x0000000008005a92                __sseek
 .text.__sclose
                0x0000000008005ab6        0x8 /opt/st/stm32cubeide_1.1.0/plugins/com.st.stm32cube.ide.mcu.externaltools.gnu-tools-for-stm32.7-2018-q2-update.linux64_1.0.0.201904181610/tools/bin/../lib/gcc/arm-none-eabi/7.3.1/../../../../arm-none-eabi/lib/thumb/v7-m/libc_nano.a(lib_a-stdio.o)
                0x0000000008005ab6                __sclose
 *fill*         0x0000000008005abe        0x2 
 .text._write_r
                0x0000000008005ac0       0x24 /opt/st/stm32cubeide_1.1.0/plugins/com.st.stm32cube.ide.mcu.externaltools.gnu-tools-for-stm32.7-2018-q2-update.linux64_1.0.0.201904181610/tools/bin/../lib/gcc/arm-none-eabi/7.3.1/../../../../arm-none-eabi/lib/thumb/v7-m/libc_nano.a(lib_a-writer.o)
                0x0000000008005ac0                _write_r
 .text._close_r
                0x0000000008005ae4       0x20 /opt/st/stm32cubeide_1.1.0/plugins/com.st.stm32cube.ide.mcu.externaltools.gnu-tools-for-stm32.7-2018-q2-update.linux64_1.0.0.201904181610/tools/bin/../lib/gcc/arm-none-eabi/7.3.1/../../../../arm-none-eabi/lib/thumb/v7-m/libc_nano.a(lib_a-closer.o)
                0x0000000008005ae4                _close_r
 .text._fstat_r
                0x0000000008005b04       0x24 /opt/st/stm32cubeide_1.1.0/plugins/com.st.stm32cube.ide.mcu.externaltools.gnu-tools-for-stm32.7-2018-q2-update.linux64_1.0.0.201904181610/tools/bin/../lib/gcc/arm-none-eabi/7.3.1/../../../../arm-none-eabi/lib/thumb/v7-m/libc_nano.a(lib_a-fstatr.o)
                0x0000000008005b04                _fstat_r
 .text._isatty_r
                0x0000000008005b28       0x20 /opt/st/stm32cubeide_1.1.0/plugins/com.st.stm32cube.ide.mcu.externaltools.gnu-tools-for-stm32.7-2018-q2-update.linux64_1.0.0.201904181610/tools/bin/../lib/gcc/arm-none-eabi/7.3.1/../../../../arm-none-eabi/lib/thumb/v7-m/libc_nano.a(lib_a-isattyr.o)
                0x0000000008005b28                _isatty_r
 .text._lseek_r
                0x0000000008005b48       0x24 /opt/st/stm32cubeide_1.1.0/plugins/com.st.stm32cube.ide.mcu.externaltools.gnu-tools-for-stm32.7-2018-q2-update.linux64_1.0.0.201904181610/tools/bin/../lib/gcc/arm-none-eabi/7.3.1/../../../../arm-none-eabi/lib/thumb/v7-m/libc_nano.a(lib_a-lseekr.o)
                0x0000000008005b48                _lseek_r
 .text.__malloc_lock
                0x0000000008005b6c        0x2 /opt/st/stm32cubeide_1.1.0/plugins/com.st.stm32cube.ide.mcu.externaltools.gnu-tools-for-stm32.7-2018-q2-update.linux64_1.0.0.201904181610/tools/bin/../lib/gcc/arm-none-eabi/7.3.1/../../../../arm-none-eabi/lib/thumb/v7-m/libc_nano.a(lib_a-mlock.o)
                0x0000000008005b6c                __malloc_lock
 .text.__malloc_unlock
                0x0000000008005b6e        0x2 /opt/st/stm32cubeide_1.1.0/plugins/com.st.stm32cube.ide.mcu.externaltools.gnu-tools-for-stm32.7-2018-q2-update.linux64_1.0.0.201904181610/tools/bin/../lib/gcc/arm-none-eabi/7.3.1/../../../../arm-none-eabi/lib/thumb/v7-m/libc_nano.a(lib_a-mlock.o)
                0x0000000008005b6e                __malloc_unlock
 .text._read_r  0x0000000008005b70       0x24 /opt/st/stm32cubeide_1.1.0/plugins/com.st.stm32cube.ide.mcu.externaltools.gnu-tools-for-stm32.7-2018-q2-update.linux64_1.0.0.201904181610/tools/bin/../lib/gcc/arm-none-eabi/7.3.1/../../../../arm-none-eabi/lib/thumb/v7-m/libc_nano.a(lib_a-readr.o)
                0x0000000008005b70                _read_r
 *(.glue_7)
 .glue_7        0x0000000008005b94        0x0 linker stubs
 *(.glue_7t)
 .glue_7t       0x0000000008005b94        0x0 linker stubs
 *(.eh_frame)
 .eh_frame      0x0000000008005b94        0x0 /opt/st/stm32cubeide_1.1.0/plugins/com.st.stm32cube.ide.mcu.externaltools.gnu-tools-for-stm32.7-2018-q2-update.linux64_1.0.0.201904181610/tools/bin/../lib/gcc/arm-none-eabi/7.3.1/thumb/v7-m/crtbegin.o
 *(.init)
 .init          0x0000000008005b94        0x4 /opt/st/stm32cubeide_1.1.0/plugins/com.st.stm32cube.ide.mcu.externaltools.gnu-tools-for-stm32.7-2018-q2-update.linux64_1.0.0.201904181610/tools/bin/../lib/gcc/arm-none-eabi/7.3.1/thumb/v7-m/crti.o
                0x0000000008005b94                _init
 .init          0x0000000008005b98        0x8 /opt/st/stm32cubeide_1.1.0/plugins/com.st.stm32cube.ide.mcu.externaltools.gnu-tools-for-stm32.7-2018-q2-update.linux64_1.0.0.201904181610/tools/bin/../lib/gcc/arm-none-eabi/7.3.1/thumb/v7-m/crtn.o
 *(.fini)
 .fini          0x0000000008005ba0        0x4 /opt/st/stm32cubeide_1.1.0/plugins/com.st.stm32cube.ide.mcu.externaltools.gnu-tools-for-stm32.7-2018-q2-update.linux64_1.0.0.201904181610/tools/bin/../lib/gcc/arm-none-eabi/7.3.1/thumb/v7-m/crti.o
                0x0000000008005ba0                _fini
 .fini          0x0000000008005ba4        0x8 /opt/st/stm32cubeide_1.1.0/plugins/com.st.stm32cube.ide.mcu.externaltools.gnu-tools-for-stm32.7-2018-q2-update.linux64_1.0.0.201904181610/tools/bin/../lib/gcc/arm-none-eabi/7.3.1/thumb/v7-m/crtn.o
                0x0000000008005bac                . = ALIGN (0x4)
                0x0000000008005bac                _etext = .

.vfp11_veneer   0x0000000008005bac        0x0
 .vfp11_veneer  0x0000000008005bac        0x0 linker stubs

.v4_bx          0x0000000008005bac        0x0
 .v4_bx         0x0000000008005bac        0x0 linker stubs

.iplt           0x0000000008005bac        0x0
 .iplt          0x0000000008005bac        0x0 /opt/st/stm32cubeide_1.1.0/plugins/com.st.stm32cube.ide.mcu.externaltools.gnu-tools-for-stm32.7-2018-q2-update.linux64_1.0.0.201904181610/tools/bin/../lib/gcc/arm-none-eabi/7.3.1/thumb/v7-m/crtbegin.o

.rodata         0x0000000008005bac       0xf0
                0x0000000008005bac                . = ALIGN (0x4)
 *(.rodata)
 .rodata        0x0000000008005bac        0x5 Core/Src/main.o
 *fill*         0x0000000008005bb1        0x3 
 .rodata        0x0000000008005bb4       0x12 Drivers/STM32F1xx_HAL_Driver/Src/stm32f1xx_hal_rcc.o
 *fill*         0x0000000008005bc6        0x2 
 .rodata        0x0000000008005bc8       0x5d USB_DEVICE/App/usbd_desc.o
 *(.rodata*)
 *fill*         0x0000000008005c25        0x3 
 .rodata.AHBPrescTable
                0x0000000008005c28       0x10 Core/Src/system_stm32f1xx.o
                0x0000000008005c28                AHBPrescTable
 .rodata._global_impure_ptr
                0x0000000008005c38        0x4 /opt/st/stm32cubeide_1.1.0/plugins/com.st.stm32cube.ide.mcu.externaltools.gnu-tools-for-stm32.7-2018-q2-update.linux64_1.0.0.201904181610/tools/bin/../lib/gcc/arm-none-eabi/7.3.1/../../../../arm-none-eabi/lib/thumb/v7-m/libc_nano.a(lib_a-impure.o)
                0x0000000008005c38                _global_impure_ptr
 .rodata.__sf_fake_stderr
                0x0000000008005c3c       0x20 /opt/st/stm32cubeide_1.1.0/plugins/com.st.stm32cube.ide.mcu.externaltools.gnu-tools-for-stm32.7-2018-q2-update.linux64_1.0.0.201904181610/tools/bin/../lib/gcc/arm-none-eabi/7.3.1/../../../../arm-none-eabi/lib/thumb/v7-m/libc_nano.a(lib_a-findfp.o)
                0x0000000008005c3c                __sf_fake_stderr
 .rodata.__sf_fake_stdin
                0x0000000008005c5c       0x20 /opt/st/stm32cubeide_1.1.0/plugins/com.st.stm32cube.ide.mcu.externaltools.gnu-tools-for-stm32.7-2018-q2-update.linux64_1.0.0.201904181610/tools/bin/../lib/gcc/arm-none-eabi/7.3.1/../../../../arm-none-eabi/lib/thumb/v7-m/libc_nano.a(lib_a-findfp.o)
                0x0000000008005c5c                __sf_fake_stdin
 .rodata.__sf_fake_stdout
                0x0000000008005c7c       0x20 /opt/st/stm32cubeide_1.1.0/plugins/com.st.stm32cube.ide.mcu.externaltools.gnu-tools-for-stm32.7-2018-q2-update.linux64_1.0.0.201904181610/tools/bin/../lib/gcc/arm-none-eabi/7.3.1/../../../../arm-none-eabi/lib/thumb/v7-m/libc_nano.a(lib_a-findfp.o)
                0x0000000008005c7c                __sf_fake_stdout
                0x0000000008005c9c                . = ALIGN (0x4)

.rel.dyn        0x0000000008005c9c        0x0
 .rel.iplt      0x0000000008005c9c        0x0 /opt/st/stm32cubeide_1.1.0/plugins/com.st.stm32cube.ide.mcu.externaltools.gnu-tools-for-stm32.7-2018-q2-update.linux64_1.0.0.201904181610/tools/bin/../lib/gcc/arm-none-eabi/7.3.1/thumb/v7-m/crtbegin.o

.ARM.extab      0x0000000008005c9c        0x0
                0x0000000008005c9c                . = ALIGN (0x4)
 *(.ARM.extab* .gnu.linkonce.armextab.*)
                0x0000000008005c9c                . = ALIGN (0x4)

.ARM            0x0000000008005c9c        0x0
                0x0000000008005c9c                . = ALIGN (0x4)
                0x0000000008005c9c                __exidx_start = .
 *(.ARM.exidx*)
                0x0000000008005c9c                __exidx_end = .
                0x0000000008005c9c                . = ALIGN (0x4)

.preinit_array  0x0000000008005c9c        0x0
                0x0000000008005c9c                . = ALIGN (0x4)
                0x0000000008005c9c                PROVIDE (__preinit_array_start = .)
 *(.preinit_array*)
                0x0000000008005c9c                PROVIDE (__preinit_array_end = .)
                0x0000000008005c9c                . = ALIGN (0x4)

.init_array     0x0000000008005c9c        0x4
                0x0000000008005c9c                . = ALIGN (0x4)
                0x0000000008005c9c                PROVIDE (__init_array_start = .)
 *(SORT_BY_NAME(.init_array.*))
 *(.init_array*)
 .init_array    0x0000000008005c9c        0x4 /opt/st/stm32cubeide_1.1.0/plugins/com.st.stm32cube.ide.mcu.externaltools.gnu-tools-for-stm32.7-2018-q2-update.linux64_1.0.0.201904181610/tools/bin/../lib/gcc/arm-none-eabi/7.3.1/thumb/v7-m/crtbegin.o
                0x0000000008005ca0                PROVIDE (__init_array_end = .)
                0x0000000008005ca0                . = ALIGN (0x4)

.fini_array     0x0000000008005ca0        0x4
                0x0000000008005ca0                . = ALIGN (0x4)
                [!provide]                        PROVIDE (__fini_array_start = .)
 *(SORT_BY_NAME(.fini_array.*))
 *(.fini_array*)
 .fini_array    0x0000000008005ca0        0x4 /opt/st/stm32cubeide_1.1.0/plugins/com.st.stm32cube.ide.mcu.externaltools.gnu-tools-for-stm32.7-2018-q2-update.linux64_1.0.0.201904181610/tools/bin/../lib/gcc/arm-none-eabi/7.3.1/thumb/v7-m/crtbegin.o
                [!provide]                        PROVIDE (__fini_array_end = .)
                0x0000000008005ca4                . = ALIGN (0x4)
                0x0000000008005ca4                _sidata = LOADADDR (.data)

.data           0x0000000020000000      0x1bc load address 0x0000000008005ca4
                0x0000000020000000                . = ALIGN (0x4)
                0x0000000020000000                _sdata = .
 *(.data)
 *(.data*)
 .data.SystemCoreClock
                0x0000000020000000        0x4 Core/Src/system_stm32f1xx.o
                0x0000000020000000                SystemCoreClock
 .data.uwTickPrio
                0x0000000020000004        0x4 Drivers/STM32F1xx_HAL_Driver/Src/stm32f1xx_hal.o
                0x0000000020000004                uwTickPrio
 .data.uwTickFreq
                0x0000000020000008        0x1 Drivers/STM32F1xx_HAL_Driver/Src/stm32f1xx_hal.o
                0x0000000020000008                uwTickFreq
 *fill*         0x0000000020000009        0x3 
 .data.USBD_CUSTOM_HID
                0x000000002000000c       0x38 Middlewares/ST/STM32_USB_Device_Library/Class/CustomHID/Src/usbd_customhid.o
                0x000000002000000c                USBD_CUSTOM_HID
 .data.USBD_CUSTOM_HID_CfgFSDesc
                0x0000000020000044       0x29 Middlewares/ST/STM32_USB_Device_Library/Class/CustomHID/Src/usbd_customhid.o
 *fill*         0x000000002000006d        0x3 
 .data.USBD_CUSTOM_HID_CfgHSDesc
                0x0000000020000070       0x29 Middlewares/ST/STM32_USB_Device_Library/Class/CustomHID/Src/usbd_customhid.o
 *fill*         0x0000000020000099        0x3 
 .data.USBD_CUSTOM_HID_OtherSpeedCfgDesc
                0x000000002000009c       0x29 Middlewares/ST/STM32_USB_Device_Library/Class/CustomHID/Src/usbd_customhid.o
 *fill*         0x00000000200000c5        0x3 
 .data.USBD_CUSTOM_HID_Desc
                0x00000000200000c8       0x20 Middlewares/ST/STM32_USB_Device_Library/Class/CustomHID/Src/usbd_customhid.o
 .data.USBD_CUSTOM_HID_DeviceQualifierDesc
                0x00000000200000e8        0xa Middlewares/ST/STM32_USB_Device_Library/Class/CustomHID/Src/usbd_customhid.o
 *fill*         0x00000000200000f2        0x2 
 .data.CUSTOM_HID_ReportDesc_FS
                0x00000000200000f4        0x2 USB_DEVICE/App/usbd_custom_hid_if.o
 *fill*         0x00000000200000f6        0x2 
 .data.USBD_CustomHID_fops_FS
                0x00000000200000f8       0x10 USB_DEVICE/App/usbd_custom_hid_if.o
                0x00000000200000f8                USBD_CustomHID_fops_FS
 .data.FS_Desc  0x0000000020000108       0x1c USB_DEVICE/App/usbd_desc.o
                0x0000000020000108                FS_Desc
 .data.USBD_FS_DeviceDesc
                0x0000000020000124       0x12 USB_DEVICE/App/usbd_desc.o
                0x0000000020000124                USBD_FS_DeviceDesc
 *fill*         0x0000000020000136        0x2 
 .data.USBD_LangIDDesc
                0x0000000020000138        0x4 USB_DEVICE/App/usbd_desc.o
                0x0000000020000138                USBD_LangIDDesc
 .data.USBD_StringSerial
                0x000000002000013c       0x1a USB_DEVICE/App/usbd_desc.o
                0x000000002000013c                USBD_StringSerial
 *fill*         0x0000000020000156        0x2 
 .data._impure_ptr
                0x0000000020000158        0x4 /opt/st/stm32cubeide_1.1.0/plugins/com.st.stm32cube.ide.mcu.externaltools.gnu-tools-for-stm32.7-2018-q2-update.linux64_1.0.0.201904181610/tools/bin/../lib/gcc/arm-none-eabi/7.3.1/../../../../arm-none-eabi/lib/thumb/v7-m/libc_nano.a(lib_a-impure.o)
                0x0000000020000158                _impure_ptr
 .data.impure_data
                0x000000002000015c       0x60 /opt/st/stm32cubeide_1.1.0/plugins/com.st.stm32cube.ide.mcu.externaltools.gnu-tools-for-stm32.7-2018-q2-update.linux64_1.0.0.201904181610/tools/bin/../lib/gcc/arm-none-eabi/7.3.1/../../../../arm-none-eabi/lib/thumb/v7-m/libc_nano.a(lib_a-impure.o)
                0x00000000200001bc                . = ALIGN (0x4)
                0x00000000200001bc                _edata = .

.igot.plt       0x00000000200001bc        0x0 load address 0x0000000008005e60
 .igot.plt      0x00000000200001bc        0x0 /opt/st/stm32cubeide_1.1.0/plugins/com.st.stm32cube.ide.mcu.externaltools.gnu-tools-for-stm32.7-2018-q2-update.linux64_1.0.0.201904181610/tools/bin/../lib/gcc/arm-none-eabi/7.3.1/thumb/v7-m/crtbegin.o
                0x00000000200001bc                . = ALIGN (0x4)

.bss            0x00000000200001bc      0x780 load address 0x0000000008005e60
                0x00000000200001bc                _sbss = .
                0x00000000200001bc                __bss_start__ = _sbss
 *(.bss)
 .bss           0x00000000200001bc       0x1c /opt/st/stm32cubeide_1.1.0/plugins/com.st.stm32cube.ide.mcu.externaltools.gnu-tools-for-stm32.7-2018-q2-update.linux64_1.0.0.201904181610/tools/bin/../lib/gcc/arm-none-eabi/7.3.1/thumb/v7-m/crtbegin.o
 *(.bss*)
 .bss.heap_end.5149
                0x00000000200001d8        0x4 Core/Src/sysmem.o
 .bss.cfgidx.7624
                0x00000000200001dc        0x1 Middlewares/ST/STM32_USB_Device_Library/Core/Src/usbd_ctlreq.o
 *fill*         0x00000000200001dd        0x3 
 .bss.mem.7674  0x00000000200001e0       0x1c USB_DEVICE/Target/usbd_conf.o
 .bss.__malloc_free_list
                0x00000000200001fc        0x4 /opt/st/stm32cubeide_1.1.0/plugins/com.st.stm32cube.ide.mcu.externaltools.gnu-tools-for-stm32.7-2018-q2-update.linux64_1.0.0.201904181610/tools/bin/../lib/gcc/arm-none-eabi/7.3.1/../../../../arm-none-eabi/lib/thumb/v7-m/libc_nano.a(lib_a-nano-mallocr.o)
                0x00000000200001fc                __malloc_free_list
 .bss.__malloc_sbrk_start
                0x0000000020000200        0x4 /opt/st/stm32cubeide_1.1.0/plugins/com.st.stm32cube.ide.mcu.externaltools.gnu-tools-for-stm32.7-2018-q2-update.linux64_1.0.0.201904181610/tools/bin/../lib/gcc/arm-none-eabi/7.3.1/../../../../arm-none-eabi/lib/thumb/v7-m/libc_nano.a(lib_a-nano-mallocr.o)
                0x0000000020000200                __malloc_sbrk_start
 *(COMMON)
 COMMON         0x0000000020000204        0x4 Drivers/STM32F1xx_HAL_Driver/Src/stm32f1xx_hal.o
                0x0000000020000204                uwTick
 COMMON         0x0000000020000208      0x2c4 USB_DEVICE/App/usb_device.o
                0x0000000020000208                hUsbDeviceFS
 COMMON         0x00000000200004cc      0x200 USB_DEVICE/App/usbd_desc.o
                0x00000000200004cc                USBD_StrDesc
 COMMON         0x00000000200006cc      0x26c USB_DEVICE/Target/usbd_conf.o
                0x00000000200006cc                hpcd_USB_FS
 COMMON         0x0000000020000938        0x4 /opt/st/stm32cubeide_1.1.0/plugins/com.st.stm32cube.ide.mcu.externaltools.gnu-tools-for-stm32.7-2018-q2-update.linux64_1.0.0.201904181610/tools/bin/../lib/gcc/arm-none-eabi/7.3.1/../../../../arm-none-eabi/lib/thumb/v7-m/libc_nano.a(lib_a-reent.o)
                0x0000000020000938                errno
                0x000000002000093c                . = ALIGN (0x4)
                0x000000002000093c                _ebss = .
                0x000000002000093c                __bss_end__ = _ebss

._user_heap_stack
                0x000000002000093c      0x604 load address 0x0000000008005e60
                0x0000000020000940                . = ALIGN (0x8)
 *fill*         0x000000002000093c        0x4 
                0x0000000020000940                PROVIDE (end = .)
                [!provide]                        PROVIDE (_end = .)
                0x0000000020000b40                . = (. + _Min_Heap_Size)
 *fill*         0x0000000020000940      0x200 
                0x0000000020000f40                . = (. + _Min_Stack_Size)
 *fill*         0x0000000020000b40      0x400 
                0x0000000020000f40                . = ALIGN (0x8)

/DISCARD/
 libc.a(*)
 libm.a(*)
 libgcc.a(*)

.ARM.attributes
                0x0000000000000000       0x29
 *(.ARM.attributes)
 .ARM.attributes
                0x0000000000000000       0x1d /opt/st/stm32cubeide_1.1.0/plugins/com.st.stm32cube.ide.mcu.externaltools.gnu-tools-for-stm32.7-2018-q2-update.linux64_1.0.0.201904181610/tools/bin/../lib/gcc/arm-none-eabi/7.3.1/thumb/v7-m/crti.o
 .ARM.attributes
                0x000000000000001d       0x2d /opt/st/stm32cubeide_1.1.0/plugins/com.st.stm32cube.ide.mcu.externaltools.gnu-tools-for-stm32.7-2018-q2-update.linux64_1.0.0.201904181610/tools/bin/../lib/gcc/arm-none-eabi/7.3.1/thumb/v7-m/crtbegin.o
 .ARM.attributes
                0x000000000000004a       0x33 Core/Src/main.o
 .ARM.attributes
                0x000000000000007d       0x33 Core/Src/stm32f1xx_hal_msp.o
 .ARM.attributes
                0x00000000000000b0       0x33 Core/Src/stm32f1xx_it.o
 .ARM.attributes
                0x00000000000000e3       0x33 Core/Src/syscalls.o
 .ARM.attributes
                0x0000000000000116       0x33 Core/Src/sysmem.o
 .ARM.attributes
                0x0000000000000149       0x33 Core/Src/system_stm32f1xx.o
 .ARM.attributes
                0x000000000000017c       0x21 Core/Startup/startup_stm32f103c8tx.o
 .ARM.attributes
                0x000000000000019d       0x33 Drivers/STM32F1xx_HAL_Driver/Src/stm32f1xx_hal.o
 .ARM.attributes
                0x00000000000001d0       0x33 Drivers/STM32F1xx_HAL_Driver/Src/stm32f1xx_hal_cortex.o
 .ARM.attributes
                0x0000000000000203       0x33 Drivers/STM32F1xx_HAL_Driver/Src/stm32f1xx_hal_gpio.o
 .ARM.attributes
                0x0000000000000236       0x33 Drivers/STM32F1xx_HAL_Driver/Src/stm32f1xx_hal_pcd.o
 .ARM.attributes
                0x0000000000000269       0x33 Drivers/STM32F1xx_HAL_Driver/Src/stm32f1xx_hal_pcd_ex.o
 .ARM.attributes
                0x000000000000029c       0x33 Drivers/STM32F1xx_HAL_Driver/Src/stm32f1xx_hal_rcc.o
 .ARM.attributes
                0x00000000000002cf       0x33 Drivers/STM32F1xx_HAL_Driver/Src/stm32f1xx_hal_rcc_ex.o
 .ARM.attributes
                0x0000000000000302       0x33 Drivers/STM32F1xx_HAL_Driver/Src/stm32f1xx_ll_usb.o
 .ARM.attributes
                0x0000000000000335       0x33 Middlewares/ST/STM32_USB_Device_Library/Class/CustomHID/Src/usbd_customhid.o
 .ARM.attributes
                0x0000000000000368       0x33 Middlewares/ST/STM32_USB_Device_Library/Core/Src/usbd_core.o
 .ARM.attributes
                0x000000000000039b       0x33 Middlewares/ST/STM32_USB_Device_Library/Core/Src/usbd_ctlreq.o
 .ARM.attributes
                0x00000000000003ce       0x33 Middlewares/ST/STM32_USB_Device_Library/Core/Src/usbd_ioreq.o
 .ARM.attributes
                0x0000000000000401       0x33 USB_DEVICE/App/usb_device.o
 .ARM.attributes
                0x0000000000000434       0x33 USB_DEVICE/App/usbd_custom_hid_if.o
 .ARM.attributes
                0x0000000000000467       0x33 USB_DEVICE/App/usbd_desc.o
 .ARM.attributes
                0x000000000000049a       0x33 USB_DEVICE/Target/usbd_conf.o
 .ARM.attributes
                0x00000000000004cd       0x2d /opt/st/stm32cubeide_1.1.0/plugins/com.st.stm32cube.ide.mcu.externaltools.gnu-tools-for-stm32.7-2018-q2-update.linux64_1.0.0.201904181610/tools/bin/../lib/gcc/arm-none-eabi/7.3.1/../../../../arm-none-eabi/lib/thumb/v7-m/libc_nano.a(lib_a-errno.o)
 .ARM.attributes
                0x00000000000004fa       0x2d /opt/st/stm32cubeide_1.1.0/plugins/com.st.stm32cube.ide.mcu.externaltools.gnu-tools-for-stm32.7-2018-q2-update.linux64_1.0.0.201904181610/tools/bin/../lib/gcc/arm-none-eabi/7.3.1/../../../../arm-none-eabi/lib/thumb/v7-m/libc_nano.a(lib_a-impure.o)
 .ARM.attributes
                0x0000000000000527       0x2d /opt/st/stm32cubeide_1.1.0/plugins/com.st.stm32cube.ide.mcu.externaltools.gnu-tools-for-stm32.7-2018-q2-update.linux64_1.0.0.201904181610/tools/bin/../lib/gcc/arm-none-eabi/7.3.1/../../../../arm-none-eabi/lib/thumb/v7-m/libc_nano.a(lib_a-init.o)
 .ARM.attributes
                0x0000000000000554       0x2d /opt/st/stm32cubeide_1.1.0/plugins/com.st.stm32cube.ide.mcu.externaltools.gnu-tools-for-stm32.7-2018-q2-update.linux64_1.0.0.201904181610/tools/bin/../lib/gcc/arm-none-eabi/7.3.1/../../../../arm-none-eabi/lib/thumb/v7-m/libc_nano.a(lib_a-memset.o)
 .ARM.attributes
                0x0000000000000581       0x2d /opt/st/stm32cubeide_1.1.0/plugins/com.st.stm32cube.ide.mcu.externaltools.gnu-tools-for-stm32.7-2018-q2-update.linux64_1.0.0.201904181610/tools/bin/../lib/gcc/arm-none-eabi/7.3.1/../../../../arm-none-eabi/lib/thumb/v7-m/libc_nano.a(lib_a-puts.o)
 .ARM.attributes
                0x00000000000005ae       0x2d /opt/st/stm32cubeide_1.1.0/plugins/com.st.stm32cube.ide.mcu.externaltools.gnu-tools-for-stm32.7-2018-q2-update.linux64_1.0.0.201904181610/tools/bin/../lib/gcc/arm-none-eabi/7.3.1/../../../../arm-none-eabi/lib/thumb/v7-m/libc_nano.a(lib_a-wbuf.o)
 .ARM.attributes
                0x00000000000005db       0x2d /opt/st/stm32cubeide_1.1.0/plugins/com.st.stm32cube.ide.mcu.externaltools.gnu-tools-for-stm32.7-2018-q2-update.linux64_1.0.0.201904181610/tools/bin/../lib/gcc/arm-none-eabi/7.3.1/../../../../arm-none-eabi/lib/thumb/v7-m/libc_nano.a(lib_a-wsetup.o)
 .ARM.attributes
                0x0000000000000608       0x2d /opt/st/stm32cubeide_1.1.0/plugins/com.st.stm32cube.ide.mcu.externaltools.gnu-tools-for-stm32.7-2018-q2-update.linux64_1.0.0.201904181610/tools/bin/../lib/gcc/arm-none-eabi/7.3.1/../../../../arm-none-eabi/lib/thumb/v7-m/libc_nano.a(lib_a-fflush.o)
 .ARM.attributes
                0x0000000000000635       0x2d /opt/st/stm32cubeide_1.1.0/plugins/com.st.stm32cube.ide.mcu.externaltools.gnu-tools-for-stm32.7-2018-q2-update.linux64_1.0.0.201904181610/tools/bin/../lib/gcc/arm-none-eabi/7.3.1/../../../../arm-none-eabi/lib/thumb/v7-m/libc_nano.a(lib_a-findfp.o)
 .ARM.attributes
                0x0000000000000662       0x2d /opt/st/stm32cubeide_1.1.0/plugins/com.st.stm32cube.ide.mcu.externaltools.gnu-tools-for-stm32.7-2018-q2-update.linux64_1.0.0.201904181610/tools/bin/../lib/gcc/arm-none-eabi/7.3.1/../../../../arm-none-eabi/lib/thumb/v7-m/libc_nano.a(lib_a-fwalk.o)
 .ARM.attributes
                0x000000000000068f       0x2d /opt/st/stm32cubeide_1.1.0/plugins/com.st.stm32cube.ide.mcu.externaltools.gnu-tools-for-stm32.7-2018-q2-update.linux64_1.0.0.201904181610/tools/bin/../lib/gcc/arm-none-eabi/7.3.1/../../../../arm-none-eabi/lib/thumb/v7-m/libc_nano.a(lib_a-makebuf.o)
 .ARM.attributes
                0x00000000000006bc       0x2d /opt/st/stm32cubeide_1.1.0/plugins/com.st.stm32cube.ide.mcu.externaltools.gnu-tools-for-stm32.7-2018-q2-update.linux64_1.0.0.201904181610/tools/bin/../lib/gcc/arm-none-eabi/7.3.1/../../../../arm-none-eabi/lib/thumb/v7-m/libc_nano.a(lib_a-nano-freer.o)
 .ARM.attributes
                0x00000000000006e9       0x2d /opt/st/stm32cubeide_1.1.0/plugins/com.st.stm32cube.ide.mcu.externaltools.gnu-tools-for-stm32.7-2018-q2-update.linux64_1.0.0.201904181610/tools/bin/../lib/gcc/arm-none-eabi/7.3.1/../../../../arm-none-eabi/lib/thumb/v7-m/libc_nano.a(lib_a-nano-mallocr.o)
 .ARM.attributes
                0x0000000000000716       0x2d /opt/st/stm32cubeide_1.1.0/plugins/com.st.stm32cube.ide.mcu.externaltools.gnu-tools-for-stm32.7-2018-q2-update.linux64_1.0.0.201904181610/tools/bin/../lib/gcc/arm-none-eabi/7.3.1/../../../../arm-none-eabi/lib/thumb/v7-m/libc_nano.a(lib_a-sbrkr.o)
 .ARM.attributes
                0x0000000000000743       0x2d /opt/st/stm32cubeide_1.1.0/plugins/com.st.stm32cube.ide.mcu.externaltools.gnu-tools-for-stm32.7-2018-q2-update.linux64_1.0.0.201904181610/tools/bin/../lib/gcc/arm-none-eabi/7.3.1/../../../../arm-none-eabi/lib/thumb/v7-m/libc_nano.a(lib_a-stdio.o)
 .ARM.attributes
                0x0000000000000770       0x2d /opt/st/stm32cubeide_1.1.0/plugins/com.st.stm32cube.ide.mcu.externaltools.gnu-tools-for-stm32.7-2018-q2-update.linux64_1.0.0.201904181610/tools/bin/../lib/gcc/arm-none-eabi/7.3.1/../../../../arm-none-eabi/lib/thumb/v7-m/libc_nano.a(lib_a-writer.o)
 .ARM.attributes
                0x000000000000079d       0x2d /opt/st/stm32cubeide_1.1.0/plugins/com.st.stm32cube.ide.mcu.externaltools.gnu-tools-for-stm32.7-2018-q2-update.linux64_1.0.0.201904181610/tools/bin/../lib/gcc/arm-none-eabi/7.3.1/../../../../arm-none-eabi/lib/thumb/v7-m/libc_nano.a(lib_a-closer.o)
 .ARM.attributes
                0x00000000000007ca       0x2d /opt/st/stm32cubeide_1.1.0/plugins/com.st.stm32cube.ide.mcu.externaltools.gnu-tools-for-stm32.7-2018-q2-update.linux64_1.0.0.201904181610/tools/bin/../lib/gcc/arm-none-eabi/7.3.1/../../../../arm-none-eabi/lib/thumb/v7-m/libc_nano.a(lib_a-fstatr.o)
 .ARM.attributes
                0x00000000000007f7       0x2d /opt/st/stm32cubeide_1.1.0/plugins/com.st.stm32cube.ide.mcu.externaltools.gnu-tools-for-stm32.7-2018-q2-update.linux64_1.0.0.201904181610/tools/bin/../lib/gcc/arm-none-eabi/7.3.1/../../../../arm-none-eabi/lib/thumb/v7-m/libc_nano.a(lib_a-isattyr.o)
 .ARM.attributes
                0x0000000000000824       0x2d /opt/st/stm32cubeide_1.1.0/plugins/com.st.stm32cube.ide.mcu.externaltools.gnu-tools-for-stm32.7-2018-q2-update.linux64_1.0.0.201904181610/tools/bin/../lib/gcc/arm-none-eabi/7.3.1/../../../../arm-none-eabi/lib/thumb/v7-m/libc_nano.a(lib_a-lseekr.o)
 .ARM.attributes
                0x0000000000000851       0x2d /opt/st/stm32cubeide_1.1.0/plugins/com.st.stm32cube.ide.mcu.externaltools.gnu-tools-for-stm32.7-2018-q2-update.linux64_1.0.0.201904181610/tools/bin/../lib/gcc/arm-none-eabi/7.3.1/../../../../arm-none-eabi/lib/thumb/v7-m/libc_nano.a(lib_a-mlock.o)
 .ARM.attributes
                0x000000000000087e       0x2d /opt/st/stm32cubeide_1.1.0/plugins/com.st.stm32cube.ide.mcu.externaltools.gnu-tools-for-stm32.7-2018-q2-update.linux64_1.0.0.201904181610/tools/bin/../lib/gcc/arm-none-eabi/7.3.1/../../../../arm-none-eabi/lib/thumb/v7-m/libc_nano.a(lib_a-readr.o)
 .ARM.attributes
                0x00000000000008ab       0x2d /opt/st/stm32cubeide_1.1.0/plugins/com.st.stm32cube.ide.mcu.externaltools.gnu-tools-for-stm32.7-2018-q2-update.linux64_1.0.0.201904181610/tools/bin/../lib/gcc/arm-none-eabi/7.3.1/../../../../arm-none-eabi/lib/thumb/v7-m/libc_nano.a(lib_a-reent.o)
 .ARM.attributes
                0x00000000000008d8       0x1d /opt/st/stm32cubeide_1.1.0/plugins/com.st.stm32cube.ide.mcu.externaltools.gnu-tools-for-stm32.7-2018-q2-update.linux64_1.0.0.201904181610/tools/bin/../lib/gcc/arm-none-eabi/7.3.1/thumb/v7-m/crtn.o
OUTPUT(swdtest.elf elf32-littlearm)

.debug_info     0x0000000000000000    0x1111b
 .debug_info    0x0000000000000000     0x1007 Core/Src/main.o
 .debug_info    0x0000000000001007      0x2cb Core/Src/stm32f1xx_hal_msp.o
 .debug_info    0x00000000000012d2      0x681 Core/Src/stm32f1xx_it.o
 .debug_info    0x0000000000001953      0xebd Core/Src/syscalls.o
 .debug_info    0x0000000000002810      0x91c Core/Src/sysmem.o
 .debug_info    0x000000000000312c      0x433 Core/Src/system_stm32f1xx.o
 .debug_info    0x000000000000355f       0x22 Core/Startup/startup_stm32f103c8tx.o
 .debug_info    0x0000000000003581      0x6fe Drivers/STM32F1xx_HAL_Driver/Src/stm32f1xx_hal.o
 .debug_info    0x0000000000003c7f      0xb46 Drivers/STM32F1xx_HAL_Driver/Src/stm32f1xx_hal_cortex.o
 .debug_info    0x00000000000047c5      0x681 Drivers/STM32F1xx_HAL_Driver/Src/stm32f1xx_hal_gpio.o
 .debug_info    0x0000000000004e46      0xe38 Drivers/STM32F1xx_HAL_Driver/Src/stm32f1xx_hal_pcd.o
 .debug_info    0x0000000000005c7e      0x760 Drivers/STM32F1xx_HAL_Driver/Src/stm32f1xx_hal_pcd_ex.o
 .debug_info    0x00000000000063de      0x804 Drivers/STM32F1xx_HAL_Driver/Src/stm32f1xx_hal_rcc.o
 .debug_info    0x0000000000006be2      0x439 Drivers/STM32F1xx_HAL_Driver/Src/stm32f1xx_hal_rcc_ex.o
 .debug_info    0x000000000000701b     0x14f9 Drivers/STM32F1xx_HAL_Driver/Src/stm32f1xx_ll_usb.o
 .debug_info    0x0000000000008514     0x125b Middlewares/ST/STM32_USB_Device_Library/Class/CustomHID/Src/usbd_customhid.o
 .debug_info    0x000000000000976f     0x11c2 Middlewares/ST/STM32_USB_Device_Library/Core/Src/usbd_core.o
 .debug_info    0x000000000000a931     0x1132 Middlewares/ST/STM32_USB_Device_Library/Core/Src/usbd_ctlreq.o
 .debug_info    0x000000000000ba63      0xf23 Middlewares/ST/STM32_USB_Device_Library/Core/Src/usbd_ioreq.o
 .debug_info    0x000000000000c986      0xe46 USB_DEVICE/App/usb_device.o
 .debug_info    0x000000000000d7cc      0xeb3 USB_DEVICE/App/usbd_custom_hid_if.o
 .debug_info    0x000000000000e67f      0xd07 USB_DEVICE/App/usbd_desc.o
 .debug_info    0x000000000000f386     0x1d95 USB_DEVICE/Target/usbd_conf.o

.debug_abbrev   0x0000000000000000     0x2cfa
 .debug_abbrev  0x0000000000000000      0x2d1 Core/Src/main.o
 .debug_abbrev  0x00000000000002d1      0x109 Core/Src/stm32f1xx_hal_msp.o
 .debug_abbrev  0x00000000000003da      0x155 Core/Src/stm32f1xx_it.o
 .debug_abbrev  0x000000000000052f      0x261 Core/Src/syscalls.o
 .debug_abbrev  0x0000000000000790      0x1bb Core/Src/sysmem.o
 .debug_abbrev  0x000000000000094b      0x134 Core/Src/system_stm32f1xx.o
 .debug_abbrev  0x0000000000000a7f       0x12 Core/Startup/startup_stm32f103c8tx.o
 .debug_abbrev  0x0000000000000a91      0x1d8 Drivers/STM32F1xx_HAL_Driver/Src/stm32f1xx_hal.o
 .debug_abbrev  0x0000000000000c69      0x2d5 Drivers/STM32F1xx_HAL_Driver/Src/stm32f1xx_hal_cortex.o
 .debug_abbrev  0x0000000000000f3e      0x1c0 Drivers/STM32F1xx_HAL_Driver/Src/stm32f1xx_hal_gpio.o
 .debug_abbrev  0x00000000000010fe      0x263 Drivers/STM32F1xx_HAL_Driver/Src/stm32f1xx_hal_pcd.o
 .debug_abbrev  0x0000000000001361      0x188 Drivers/STM32F1xx_HAL_Driver/Src/stm32f1xx_hal_pcd_ex.o
 .debug_abbrev  0x00000000000014e9      0x243 Drivers/STM32F1xx_HAL_Driver/Src/stm32f1xx_hal_rcc.o
 .debug_abbrev  0x000000000000172c      0x175 Drivers/STM32F1xx_HAL_Driver/Src/stm32f1xx_hal_rcc_ex.o
 .debug_abbrev  0x00000000000018a1      0x1c5 Drivers/STM32F1xx_HAL_Driver/Src/stm32f1xx_ll_usb.o
 .debug_abbrev  0x0000000000001a66      0x286 Middlewares/ST/STM32_USB_Device_Library/Class/CustomHID/Src/usbd_customhid.o
 .debug_abbrev  0x0000000000001cec      0x270 Middlewares/ST/STM32_USB_Device_Library/Core/Src/usbd_core.o
 .debug_abbrev  0x0000000000001f5c      0x2a0 Middlewares/ST/STM32_USB_Device_Library/Core/Src/usbd_ctlreq.o
 .debug_abbrev  0x00000000000021fc      0x1e0 Middlewares/ST/STM32_USB_Device_Library/Core/Src/usbd_ioreq.o
 .debug_abbrev  0x00000000000023dc      0x1be USB_DEVICE/App/usb_device.o
 .debug_abbrev  0x000000000000259a      0x1f5 USB_DEVICE/App/usbd_custom_hid_if.o
 .debug_abbrev  0x000000000000278f      0x290 USB_DEVICE/App/usbd_desc.o
 .debug_abbrev  0x0000000000002a1f      0x2db USB_DEVICE/Target/usbd_conf.o

.debug_aranges  0x0000000000000000      0xb10
 .debug_aranges
                0x0000000000000000       0x48 Core/Src/main.o
 .debug_aranges
                0x0000000000000048       0x20 Core/Src/stm32f1xx_hal_msp.o
 .debug_aranges
                0x0000000000000068       0x68 Core/Src/stm32f1xx_it.o
 .debug_aranges
                0x00000000000000d0       0xa8 Core/Src/syscalls.o
 .debug_aranges
                0x0000000000000178       0x20 Core/Src/sysmem.o
 .debug_aranges
                0x0000000000000198       0x28 Core/Src/system_stm32f1xx.o
 .debug_aranges
                0x00000000000001c0       0x28 Core/Startup/startup_stm32f103c8tx.o
 .debug_aranges
                0x00000000000001e8       0xe0 Drivers/STM32F1xx_HAL_Driver/Src/stm32f1xx_hal.o
 .debug_aranges
                0x00000000000002c8      0x100 Drivers/STM32F1xx_HAL_Driver/Src/stm32f1xx_hal_cortex.o
 .debug_aranges
                0x00000000000003c8       0x58 Drivers/STM32F1xx_HAL_Driver/Src/stm32f1xx_hal_gpio.o
 .debug_aranges
                0x0000000000000420      0x120 Drivers/STM32F1xx_HAL_Driver/Src/stm32f1xx_hal_pcd.o
 .debug_aranges
                0x0000000000000540       0x38 Drivers/STM32F1xx_HAL_Driver/Src/stm32f1xx_hal_pcd_ex.o
 .debug_aranges
                0x0000000000000578       0x90 Drivers/STM32F1xx_HAL_Driver/Src/stm32f1xx_hal_rcc.o
 .debug_aranges
                0x0000000000000608       0x30 Drivers/STM32F1xx_HAL_Driver/Src/stm32f1xx_hal_rcc_ex.o
 .debug_aranges
                0x0000000000000638      0x108 Drivers/STM32F1xx_HAL_Driver/Src/stm32f1xx_ll_usb.o
 .debug_aranges
                0x0000000000000740       0x78 Middlewares/ST/STM32_USB_Device_Library/Class/CustomHID/Src/usbd_customhid.o
 .debug_aranges
                0x00000000000007b8       0xb8 Middlewares/ST/STM32_USB_Device_Library/Core/Src/usbd_core.o
 .debug_aranges
                0x0000000000000870       0x88 Middlewares/ST/STM32_USB_Device_Library/Core/Src/usbd_ctlreq.o
 .debug_aranges
                0x00000000000008f8       0x50 Middlewares/ST/STM32_USB_Device_Library/Core/Src/usbd_ioreq.o
 .debug_aranges
                0x0000000000000948       0x20 USB_DEVICE/App/usb_device.o
 .debug_aranges
                0x0000000000000968       0x30 USB_DEVICE/App/usbd_custom_hid_if.o
 .debug_aranges
                0x0000000000000998       0x60 USB_DEVICE/App/usbd_desc.o
 .debug_aranges
                0x00000000000009f8      0x118 USB_DEVICE/Target/usbd_conf.o

.debug_ranges   0x0000000000000000      0x9a8
 .debug_ranges  0x0000000000000000       0x38 Core/Src/main.o
 .debug_ranges  0x0000000000000038       0x10 Core/Src/stm32f1xx_hal_msp.o
 .debug_ranges  0x0000000000000048       0x58 Core/Src/stm32f1xx_it.o
 .debug_ranges  0x00000000000000a0       0x98 Core/Src/syscalls.o
 .debug_ranges  0x0000000000000138       0x10 Core/Src/sysmem.o
 .debug_ranges  0x0000000000000148       0x18 Core/Src/system_stm32f1xx.o
 .debug_ranges  0x0000000000000160       0x20 Core/Startup/startup_stm32f103c8tx.o
 .debug_ranges  0x0000000000000180       0xd0 Drivers/STM32F1xx_HAL_Driver/Src/stm32f1xx_hal.o
 .debug_ranges  0x0000000000000250       0xf0 Drivers/STM32F1xx_HAL_Driver/Src/stm32f1xx_hal_cortex.o
 .debug_ranges  0x0000000000000340       0x48 Drivers/STM32F1xx_HAL_Driver/Src/stm32f1xx_hal_gpio.o
 .debug_ranges  0x0000000000000388      0x110 Drivers/STM32F1xx_HAL_Driver/Src/stm32f1xx_hal_pcd.o
 .debug_ranges  0x0000000000000498       0x28 Drivers/STM32F1xx_HAL_Driver/Src/stm32f1xx_hal_pcd_ex.o
 .debug_ranges  0x00000000000004c0       0x80 Drivers/STM32F1xx_HAL_Driver/Src/stm32f1xx_hal_rcc.o
 .debug_ranges  0x0000000000000540       0x20 Drivers/STM32F1xx_HAL_Driver/Src/stm32f1xx_hal_rcc_ex.o
 .debug_ranges  0x0000000000000560       0xf8 Drivers/STM32F1xx_HAL_Driver/Src/stm32f1xx_ll_usb.o
 .debug_ranges  0x0000000000000658       0x68 Middlewares/ST/STM32_USB_Device_Library/Class/CustomHID/Src/usbd_customhid.o
 .debug_ranges  0x00000000000006c0       0xa8 Middlewares/ST/STM32_USB_Device_Library/Core/Src/usbd_core.o
 .debug_ranges  0x0000000000000768       0x78 Middlewares/ST/STM32_USB_Device_Library/Core/Src/usbd_ctlreq.o
 .debug_ranges  0x00000000000007e0       0x40 Middlewares/ST/STM32_USB_Device_Library/Core/Src/usbd_ioreq.o
 .debug_ranges  0x0000000000000820       0x10 USB_DEVICE/App/usb_device.o
 .debug_ranges  0x0000000000000830       0x20 USB_DEVICE/App/usbd_custom_hid_if.o
 .debug_ranges  0x0000000000000850       0x50 USB_DEVICE/App/usbd_desc.o
 .debug_ranges  0x00000000000008a0      0x108 USB_DEVICE/Target/usbd_conf.o

.debug_macro    0x0000000000000000    0x170a9
 .debug_macro   0x0000000000000000      0x38b Core/Src/main.o
 .debug_macro   0x000000000000038b      0xa5a Core/Src/main.o
 .debug_macro   0x0000000000000de5      0x215 Core/Src/main.o
 .debug_macro   0x0000000000000ffa       0x2e Core/Src/main.o
 .debug_macro   0x0000000000001028       0x22 Core/Src/main.o
 .debug_macro   0x000000000000104a       0x22 Core/Src/main.o
 .debug_macro   0x000000000000106c       0x8e Core/Src/main.o
 .debug_macro   0x00000000000010fa       0x51 Core/Src/main.o
 .debug_macro   0x000000000000114b       0xef Core/Src/main.o
 .debug_macro   0x000000000000123a       0x6a Core/Src/main.o
 .debug_macro   0x00000000000012a4      0x1df Core/Src/main.o
 .debug_macro   0x0000000000001483       0x1c Core/Src/main.o
 .debug_macro   0x000000000000149f       0x22 Core/Src/main.o
 .debug_macro   0x00000000000014c1       0xc3 Core/Src/main.o
 .debug_macro   0x0000000000001584      0xd23 Core/Src/main.o
 .debug_macro   0x00000000000022a7     0xe09e Core/Src/main.o
 .debug_macro   0x0000000000010345       0x43 Core/Src/main.o
 .debug_macro   0x0000000000010388      0x174 Core/Src/main.o
 .debug_macro   0x00000000000104fc       0x5a Core/Src/main.o
 .debug_macro   0x0000000000010556      0x5be Core/Src/main.o
 .debug_macro   0x0000000000010b14      0x289 Core/Src/main.o
 .debug_macro   0x0000000000010d9d      0x1cb Core/Src/main.o
 .debug_macro   0x0000000000010f68      0x114 Core/Src/main.o
 .debug_macro   0x000000000001107c      0x1b2 Core/Src/main.o
 .debug_macro   0x000000000001122e       0x27 Core/Src/main.o
 .debug_macro   0x0000000000011255      0x136 Core/Src/main.o
 .debug_macro   0x000000000001138b      0x1bc Core/Src/main.o
 .debug_macro   0x0000000000011547       0x34 Core/Src/main.o
 .debug_macro   0x000000000001157b       0x3c Core/Src/main.o
 .debug_macro   0x00000000000115b7       0x57 Core/Src/main.o
 .debug_macro   0x000000000001160e       0x88 Core/Src/main.o
 .debug_macro   0x0000000000011696      0x241 Core/Src/main.o
 .debug_macro   0x00000000000118d7      0x141 Core/Src/main.o
 .debug_macro   0x0000000000011a18       0x65 Core/Src/main.o
 .debug_macro   0x0000000000011a7d      0x249 Core/Src/main.o
 .debug_macro   0x0000000000011cc6       0x83 Core/Src/main.o
 .debug_macro   0x0000000000011d49       0x46 Core/Src/main.o
 .debug_macro   0x0000000000011d8f       0x18 Core/Src/main.o
 .debug_macro   0x0000000000011da7       0x3c Core/Src/main.o
 .debug_macro   0x0000000000011de3       0x34 Core/Src/main.o
 .debug_macro   0x0000000000011e17       0x16 Core/Src/main.o
 .debug_macro   0x0000000000011e2d       0x35 Core/Src/main.o
 .debug_macro   0x0000000000011e62      0x32a Core/Src/main.o
 .debug_macro   0x000000000001218c       0x10 Core/Src/main.o
 .debug_macro   0x000000000001219c       0x52 Core/Src/main.o
 .debug_macro   0x00000000000121ee       0x1f Core/Src/main.o
 .debug_macro   0x000000000001220d       0x43 Core/Src/main.o
 .debug_macro   0x0000000000012250       0x20 Core/Src/main.o
 .debug_macro   0x0000000000012270      0x1a3 Core/Src/main.o
 .debug_macro   0x0000000000012413       0x10 Core/Src/main.o
 .debug_macro   0x0000000000012423       0x1c Core/Src/main.o
 .debug_macro   0x000000000001243f       0x52 Core/Src/main.o
 .debug_macro   0x0000000000012491       0x40 Core/Src/main.o
 .debug_macro   0x00000000000124d1       0x10 Core/Src/main.o
 .debug_macro   0x00000000000124e1       0x40 Core/Src/main.o
 .debug_macro   0x0000000000012521       0xd7 Core/Src/main.o
 .debug_macro   0x00000000000125f8       0x1c Core/Src/main.o
 .debug_macro   0x0000000000012614       0x3d Core/Src/main.o
 .debug_macro   0x0000000000012651       0x16 Core/Src/main.o
 .debug_macro   0x0000000000012667      0x145 Core/Src/main.o
 .debug_macro   0x00000000000127ac       0x16 Core/Src/main.o
 .debug_macro   0x00000000000127c2       0x16 Core/Src/main.o
 .debug_macro   0x00000000000127d8       0x29 Core/Src/main.o
 .debug_macro   0x0000000000012801       0x16 Core/Src/main.o
 .debug_macro   0x0000000000012817       0x20 Core/Src/main.o
 .debug_macro   0x0000000000012837       0x6c Core/Src/main.o
 .debug_macro   0x00000000000128a3      0x1c8 Core/Src/main.o
 .debug_macro   0x0000000000012a6b      0x1a9 Core/Src/stm32f1xx_hal_msp.o
 .debug_macro   0x0000000000012c14      0x1b3 Core/Src/stm32f1xx_it.o
 .debug_macro   0x0000000000012dc7      0x243 Core/Src/syscalls.o
 .debug_macro   0x000000000001300a       0x40 Core/Src/syscalls.o
 .debug_macro   0x000000000001304a       0x94 Core/Src/syscalls.o
 .debug_macro   0x00000000000130de       0x57 Core/Src/syscalls.o
 .debug_macro   0x0000000000013135      0x330 Core/Src/syscalls.o
 .debug_macro   0x0000000000013465       0x10 Core/Src/syscalls.o
 .debug_macro   0x0000000000013475       0x10 Core/Src/syscalls.o
 .debug_macro   0x0000000000013485       0x10 Core/Src/syscalls.o
 .debug_macro   0x0000000000013495       0x35 Core/Src/syscalls.o
 .debug_macro   0x00000000000134ca      0x122 Core/Src/syscalls.o
 .debug_macro   0x00000000000135ec       0x10 Core/Src/syscalls.o
 .debug_macro   0x00000000000135fc      0x241 Core/Src/syscalls.o
 .debug_macro   0x000000000001383d       0x1c Core/Src/syscalls.o
 .debug_macro   0x0000000000013859       0x10 Core/Src/syscalls.o
 .debug_macro   0x0000000000013869      0x189 Core/Src/syscalls.o
 .debug_macro   0x00000000000139f2       0x16 Core/Src/syscalls.o
 .debug_macro   0x0000000000013a08       0x88 Core/Src/syscalls.o
 .debug_macro   0x0000000000013a90      0x1ae Core/Src/sysmem.o
 .debug_macro   0x0000000000013c3e      0x23b Core/Src/sysmem.o
 .debug_macro   0x0000000000013e79      0x1a5 Core/Src/system_stm32f1xx.o
 .debug_macro   0x000000000001401e      0x1c3 Drivers/STM32F1xx_HAL_Driver/Src/stm32f1xx_hal.o
 .debug_macro   0x00000000000141e1      0x19f Drivers/STM32F1xx_HAL_Driver/Src/stm32f1xx_hal_cortex.o
 .debug_macro   0x0000000000014380      0x20a Drivers/STM32F1xx_HAL_Driver/Src/stm32f1xx_hal_gpio.o
 .debug_macro   0x000000000001458a      0x1ab Drivers/STM32F1xx_HAL_Driver/Src/stm32f1xx_hal_pcd.o
 .debug_macro   0x0000000000014735      0x19f Drivers/STM32F1xx_HAL_Driver/Src/stm32f1xx_hal_pcd_ex.o
 .debug_macro   0x00000000000148d4      0x1b1 Drivers/STM32F1xx_HAL_Driver/Src/stm32f1xx_hal_rcc.o
 .debug_macro   0x0000000000014a85      0x19f Drivers/STM32F1xx_HAL_Driver/Src/stm32f1xx_hal_rcc_ex.o
 .debug_macro   0x0000000000014c24      0x19f Drivers/STM32F1xx_HAL_Driver/Src/stm32f1xx_ll_usb.o
 .debug_macro   0x0000000000014dc3      0x3b6 Middlewares/ST/STM32_USB_Device_Library/Class/CustomHID/Src/usbd_customhid.o
 .debug_macro   0x0000000000015179       0x97 Middlewares/ST/STM32_USB_Device_Library/Class/CustomHID/Src/usbd_customhid.o
 .debug_macro   0x0000000000015210       0xfd Middlewares/ST/STM32_USB_Device_Library/Class/CustomHID/Src/usbd_customhid.o
 .debug_macro   0x000000000001530d       0xbd Middlewares/ST/STM32_USB_Device_Library/Class/CustomHID/Src/usbd_customhid.o
 .debug_macro   0x00000000000153ca       0x54 Middlewares/ST/STM32_USB_Device_Library/Class/CustomHID/Src/usbd_customhid.o
 .debug_macro   0x000000000001541e       0x65 Middlewares/ST/STM32_USB_Device_Library/Class/CustomHID/Src/usbd_customhid.o
 .debug_macro   0x0000000000015483      0x39d Middlewares/ST/STM32_USB_Device_Library/Core/Src/usbd_core.o
 .debug_macro   0x0000000000015820      0x1ce Middlewares/ST/STM32_USB_Device_Library/Core/Src/usbd_core.o
 .debug_macro   0x00000000000159ee      0x3a7 Middlewares/ST/STM32_USB_Device_Library/Core/Src/usbd_ctlreq.o
 .debug_macro   0x0000000000015d95      0x3a3 Middlewares/ST/STM32_USB_Device_Library/Core/Src/usbd_ioreq.o
 .debug_macro   0x0000000000016138      0x3dd USB_DEVICE/App/usb_device.o
 .debug_macro   0x0000000000016515       0x22 USB_DEVICE/App/usb_device.o
 .debug_macro   0x0000000000016537      0x3bc USB_DEVICE/App/usbd_custom_hid_if.o
 .debug_macro   0x00000000000168f3      0x3da USB_DEVICE/App/usbd_desc.o
 .debug_macro   0x0000000000016ccd       0x1c USB_DEVICE/App/usbd_desc.o
 .debug_macro   0x0000000000016ce9      0x3c0 USB_DEVICE/Target/usbd_conf.o

.debug_line     0x0000000000000000     0xbfa3
 .debug_line    0x0000000000000000      0x967 Core/Src/main.o
 .debug_line    0x0000000000000967      0x611 Core/Src/stm32f1xx_hal_msp.o
 .debug_line    0x0000000000000f78      0x6c6 Core/Src/stm32f1xx_it.o
 .debug_line    0x000000000000163e      0x715 Core/Src/syscalls.o
 .debug_line    0x0000000000001d53      0x531 Core/Src/sysmem.o
 .debug_line    0x0000000000002284      0x641 Core/Src/system_stm32f1xx.o
 .debug_line    0x00000000000028c5       0x84 Core/Startup/startup_stm32f103c8tx.o
 .debug_line    0x0000000000002949      0x7e9 Drivers/STM32F1xx_HAL_Driver/Src/stm32f1xx_hal.o
 .debug_line    0x0000000000003132      0x8c2 Drivers/STM32F1xx_HAL_Driver/Src/stm32f1xx_hal_cortex.o
 .debug_line    0x00000000000039f4      0x7e9 Drivers/STM32F1xx_HAL_Driver/Src/stm32f1xx_hal_gpio.o
 .debug_line    0x00000000000041dd      0xadc Drivers/STM32F1xx_HAL_Driver/Src/stm32f1xx_hal_pcd.o
 .debug_line    0x0000000000004cb9      0x65c Drivers/STM32F1xx_HAL_Driver/Src/stm32f1xx_hal_pcd_ex.o
 .debug_line    0x0000000000005315      0x8ab Drivers/STM32F1xx_HAL_Driver/Src/stm32f1xx_hal_rcc.o
 .debug_line    0x0000000000005bc0      0x6c9 Drivers/STM32F1xx_HAL_Driver/Src/stm32f1xx_hal_rcc_ex.o
 .debug_line    0x0000000000006289      0xaf5 Drivers/STM32F1xx_HAL_Driver/Src/stm32f1xx_ll_usb.o
 .debug_line    0x0000000000006d7e      0xa74 Middlewares/ST/STM32_USB_Device_Library/Class/CustomHID/Src/usbd_customhid.o
 .debug_line    0x00000000000077f2      0xaf9 Middlewares/ST/STM32_USB_Device_Library/Core/Src/usbd_core.o
 .debug_line    0x00000000000082eb      0xb82 Middlewares/ST/STM32_USB_Device_Library/Core/Src/usbd_ctlreq.o
 .debug_line    0x0000000000008e6d      0x962 Middlewares/ST/STM32_USB_Device_Library/Core/Src/usbd_ioreq.o
 .debug_line    0x00000000000097cf      0x957 USB_DEVICE/App/usb_device.o
 .debug_line    0x000000000000a126      0x95d USB_DEVICE/App/usbd_custom_hid_if.o
 .debug_line    0x000000000000aa83      0x996 USB_DEVICE/App/usbd_desc.o
 .debug_line    0x000000000000b419      0xb8a USB_DEVICE/Target/usbd_conf.o

.debug_str      0x0000000000000000    0x6e0d7
 .debug_str     0x0000000000000000    0x6a1f8 Core/Src/main.o
                                      0x6a590 (size before relaxing)
 .debug_str     0x000000000006a1f8       0x50 Core/Src/stm32f1xx_hal_msp.o
                                      0x656c0 (size before relaxing)
 .debug_str     0x000000000006a248      0x3a3 Core/Src/stm32f1xx_it.o
                                      0x65a4a (size before relaxing)
 .debug_str     0x000000000006a5eb     0x10f0 Core/Src/syscalls.o
                                       0x8871 (size before relaxing)
 .debug_str     0x000000000006b6db       0x36 Core/Src/sysmem.o
                                       0x7aca (size before relaxing)
 .debug_str     0x000000000006b711       0xc2 Core/Src/system_stm32f1xx.o
                                      0x65727 (size before relaxing)
 .debug_str     0x000000000006b7d3       0x36 Core/Startup/startup_stm32f103c8tx.o
                                         0x6f (size before relaxing)
 .debug_str     0x000000000006b809      0x61a Drivers/STM32F1xx_HAL_Driver/Src/stm32f1xx_hal.o
                                      0x65d38 (size before relaxing)
 .debug_str     0x000000000006be23      0x2a0 Drivers/STM32F1xx_HAL_Driver/Src/stm32f1xx_hal_cortex.o
                                      0x65d46 (size before relaxing)
 .debug_str     0x000000000006c0c3      0x324 Drivers/STM32F1xx_HAL_Driver/Src/stm32f1xx_hal_gpio.o
                                      0x65a71 (size before relaxing)
 .debug_str     0x000000000006c3e7      0x3af Drivers/STM32F1xx_HAL_Driver/Src/stm32f1xx_hal_pcd.o
                                      0x65d58 (size before relaxing)
 .debug_str     0x000000000006c796      0x18d Drivers/STM32F1xx_HAL_Driver/Src/stm32f1xx_hal_pcd_ex.o
                                      0x65b34 (size before relaxing)
 .debug_str     0x000000000006c923      0x263 Drivers/STM32F1xx_HAL_Driver/Src/stm32f1xx_hal_rcc.o
                                      0x65aaa (size before relaxing)
 .debug_str     0x000000000006cb86       0xb9 Drivers/STM32F1xx_HAL_Driver/Src/stm32f1xx_hal_rcc_ex.o
                                      0x65837 (size before relaxing)
 .debug_str     0x000000000006cc3f      0x304 Drivers/STM32F1xx_HAL_Driver/Src/stm32f1xx_ll_usb.o
                                      0x65b9e (size before relaxing)
 .debug_str     0x000000000006cf43      0x8aa Middlewares/ST/STM32_USB_Device_Library/Class/CustomHID/Src/usbd_customhid.o
                                      0x6ab82 (size before relaxing)
 .debug_str     0x000000000006d7ed      0x1b5 Middlewares/ST/STM32_USB_Device_Library/Core/Src/usbd_core.o
                                      0x6a7fd (size before relaxing)
 .debug_str     0x000000000006d9a2      0x12f Middlewares/ST/STM32_USB_Device_Library/Core/Src/usbd_ctlreq.o
                                      0x6a783 (size before relaxing)